{
  "format_version": "1",
  "kind": "plan",
  "generator": {
    "name": "rootform",
    "version": "0.1.0"
  },
  "evidence": {
    "origin": "plan",
    "input_format_version": "1.2",
    "producer": {
      "tool": "unestablished",
      "reported_version": "1.16.4",
      "hints": [
        "registry.terraform.io"
      ]
    },
    "completeness": {
      "producer_complete": "true",
      "attested_complete": false
    },
    "enrichment": {
      "snapshot": {
        "status": "verified",
        "trust": "paired",
        "modules": 1
      }
    },
    "attestations": [],
    "scope": {
      "refresh_scope": "not_exported",
      "drift_records": "absent",
      "data_sources_covered_by_drift": false,
      "deposed_covered_by_drift": false
    }
  },
  "semantics": {
    "language_version": "1",
    "release_set": {
      "id": "release-set:8e7f69c2eb01ff4751088dc311bb4ef20d547ae49d910bcead9e60bc087fd6a8",
      "version": "0.1.0",
      "manifest_digest": "sha256:8e7f69c2eb01ff4751088dc311bb4ef20d547ae49d910bcead9e60bc087fd6a8",
      "units": [
        {
          "owner": "auth0",
          "kind": "dialect",
          "version": "0.1.0",
          "content_digest": "sha256:9eee084a63143fba4bfca319613ca9358a6701f05a33ae738253a4db4618ffe1",
          "semantic_digest": "sha256:1a7390f510ec2496c37bc9249c5817b599fc3a6d9ff58a1b5cb6b33c46c57949"
        },
        {
          "owner": "aws",
          "kind": "dialect",
          "version": "0.1.0",
          "content_digest": "sha256:ccd02492322d61af43f2ceb6e9075c44ab008b44b5c625fd1a9327db6fa83010",
          "semantic_digest": "sha256:1b4b531e432061630f49851bab84275abbcf526ad233c43fd56c70644285348c"
        },
        {
          "owner": "azure",
          "kind": "dialect",
          "version": "0.1.0",
          "content_digest": "sha256:d56fb089b939e87fa711e3e191a2ef52f0db696d411c0fcbc1bc5966ca39735e",
          "semantic_digest": "sha256:69c823f838d4e62d626f357478e11e0ab506ad392aae7ceec8fb1776b9af84e5"
        },
        {
          "owner": "cloudflare",
          "kind": "dialect",
          "version": "0.1.0",
          "content_digest": "sha256:0ae59e8ecac75eeb0ba1738630791de167b92cd7193b18d4bf8d26f0a38c0ca9",
          "semantic_digest": "sha256:b43b77be534bc1abca4d4bf9df035608ff4e13b2b29d7f55c51c98969e4abcbb"
        },
        {
          "owner": "confluent",
          "kind": "dialect",
          "version": "0.1.0",
          "content_digest": "sha256:ca6e821352dd72e3f8673378fc5f4fb9dcb2ee0420c096167bd5acc9c253d74d",
          "semantic_digest": "sha256:259507d5dbb4ab205ff2bbb0bc5df257e63ccb98d0dadb4f9dd11128b78d826b"
        },
        {
          "owner": "consul",
          "kind": "dialect",
          "version": "0.1.0",
          "content_digest": "sha256:4094b9c0259e841335b31330a8f0b543566967d5a0e84b6fbaac867d244ff9a3",
          "semantic_digest": "sha256:b76c8ebe91f98e259d8496702e6ad89edc71a0371afac360fa1f53362ed23cad"
        },
        {
          "owner": "databricks",
          "kind": "dialect",
          "version": "0.1.0",
          "content_digest": "sha256:2d1d01064543f6cfd36510ee0e09113b8134e5d537c0ab47a2f6ca97d942c5df",
          "semantic_digest": "sha256:ef4a38517aa3d20479be601ea1a79c51eb7b5f71bbaa406407318bd51d6cf9bb"
        },
        {
          "owner": "datadog",
          "kind": "dialect",
          "version": "0.1.0",
          "content_digest": "sha256:e738691316e6bf54110237e8abef06e80cb58838bddecb29b888f50c686d8bcd",
          "semantic_digest": "sha256:41d10191b7bba0a9ff8511a802172635f2afb81d536b55fb767f454e4f778129"
        },
        {
          "owner": "google",
          "kind": "dialect",
          "version": "0.1.0",
          "content_digest": "sha256:0caf0ce2297bed1fc68af001b4f3da2d5c97ebd9223d8e4a596add8466b17d86",
          "semantic_digest": "sha256:9480311ec450af29838cdd48c626032d496dad1fa814db651a9159fcccd55917"
        },
        {
          "owner": "grafana",
          "kind": "dialect",
          "version": "0.1.0",
          "content_digest": "sha256:4dc88a08552555bcfbc5986fbaa618fa234e49c97d0f049c2f79ccf6ee843756",
          "semantic_digest": "sha256:f2bae3da1e32fe12ad403f2ae8618ecc7d808f26650084fdc140e5e886b1bde1"
        },
        {
          "owner": "hcp",
          "kind": "dialect",
          "version": "0.1.0",
          "content_digest": "sha256:e35be0dc422fc6e26a5980e10ffbd1beea8b280b4eaf4a5bf610bf1b67a3a993",
          "semantic_digest": "sha256:629912e0dd22c0c3dd80c0c5db571b2949625b306da52a823c20dff4b07b3119"
        },
        {
          "owner": "kestra",
          "kind": "dialect",
          "version": "0.1.0",
          "content_digest": "sha256:6b0ddca1674fa7c1cd77773b13339cd1dccbcc6fc283a0cf5c4652c1f4e1ef4a",
          "semantic_digest": "sha256:4b0591ab0f416c6b33746dd39799eb031e7f2bb4407830ddd39eb5b0462e0b0f"
        },
        {
          "owner": "kubernetes",
          "kind": "dialect",
          "version": "0.1.0",
          "content_digest": "sha256:ec4e4919d9c23e7deaa9be5627b0eeff8215100ac0ec8623dbc2c50827f0d635",
          "semantic_digest": "sha256:69308a0333bdd366b22b23d60f0b28cb40071fd812e126bbdd293d532ca69d6b"
        },
        {
          "owner": "mongodb-atlas",
          "kind": "dialect",
          "version": "0.1.0",
          "content_digest": "sha256:b8d3c04aa823e5480ad305e54f42eb312a721a9a19a5edcf7019d43b94d14895",
          "semantic_digest": "sha256:7e756d96f8793ee076095ef46d7fca102bd238852790f00fcc6d096b11462b67"
        },
        {
          "owner": "newrelic",
          "kind": "dialect",
          "version": "0.1.0",
          "content_digest": "sha256:e2e3f23599f72182bcd976692133e65b067a40129f8fd8768c03be3004462c1d",
          "semantic_digest": "sha256:5e932f3a168c07047040df16e72e94dfb111b554816200bc11e1d25d5f325802"
        },
        {
          "owner": "okta",
          "kind": "dialect",
          "version": "0.1.0",
          "content_digest": "sha256:0455861eb29ab6b80d446c9da591e018f892fb70d607d45a4368c6fa7b17d9fd",
          "semantic_digest": "sha256:900ad252631e91b2051ad3b19c6ec15b7c6c8e34e0eed2819be5668d3e6ed1c8"
        },
        {
          "owner": "rf",
          "kind": "vocabulary",
          "version": "0.1.0",
          "content_digest": "sha256:cab0d0c0283c2b5a4a689d9bbda36a09d439ca6d46db78f4fadfb1c7fd6849c5",
          "semantic_digest": "sha256:cab0d0c0283c2b5a4a689d9bbda36a09d439ca6d46db78f4fadfb1c7fd6849c5"
        },
        {
          "owner": "secrets",
          "kind": "dialect",
          "version": "0.1.0",
          "content_digest": "sha256:866a25eefffe767181d3edef3382b7219137d1049f9b9275af0fefe595892c12",
          "semantic_digest": "sha256:95d5b00591b87cc9e530b5d539f580f43ed17919eb29eef05e96d54625c0983e"
        },
        {
          "owner": "snowflake",
          "kind": "dialect",
          "version": "0.1.0",
          "content_digest": "sha256:98f106e47db09ed898ab5119ad0acfa66770322c8a9047e302e58c1e18144a1c",
          "semantic_digest": "sha256:1590159f7dba1e322e840b89e7f591ef5558e0877b884cf22bdce6e5393af510"
        },
        {
          "owner": "vault",
          "kind": "dialect",
          "version": "0.1.0",
          "content_digest": "sha256:908d55f1f2689e111f2ec7540999d73a2697da9f9f2cf0b4491f12a42f10d178",
          "semantic_digest": "sha256:48f428f93b364f042f77a2d46649d0d3cef147f667cca72a3568bd9f13c6c936"
        }
      ]
    },
    "selection": {
      "active_owners": [
        "auth0",
        "aws",
        "azure",
        "cloudflare",
        "confluent",
        "consul",
        "databricks",
        "datadog",
        "google",
        "grafana",
        "hcp",
        "kestra",
        "kubernetes",
        "mongodb-atlas",
        "newrelic",
        "okta",
        "rf",
        "secrets",
        "snowflake",
        "vault"
      ],
      "excluded_owners": [],
      "replacements": [],
      "provider_map": []
    },
    "owners": [
      {
        "id": "auth0",
        "kind": "dialect",
        "origin": "supplied",
        "version": "0.1.0",
        "content_digest": "sha256:9eee084a63143fba4bfca319613ca9358a6701f05a33ae738253a4db4618ffe1",
        "semantic_digest": "sha256:1a7390f510ec2496c37bc9249c5817b599fc3a6d9ff58a1b5cb6b33c46c57949",
        "providers": [
          {
            "source": "auth0/auth0",
            "version": "= 1.56.0",
            "hosts": [
              "registry.opentofu.org",
              "registry.terraform.io"
            ]
          }
        ],
        "dependencies": []
      },
      {
        "id": "aws",
        "kind": "dialect",
        "origin": "supplied",
        "version": "0.1.0",
        "content_digest": "sha256:ccd02492322d61af43f2ceb6e9075c44ab008b44b5c625fd1a9327db6fa83010",
        "semantic_digest": "sha256:1b4b531e432061630f49851bab84275abbcf526ad233c43fd56c70644285348c",
        "providers": [
          {
            "source": "hashicorp/aws",
            "version": "= 6.62.0",
            "hosts": [
              "registry.opentofu.org",
              "registry.terraform.io"
            ]
          }
        ],
        "dependencies": [
          "rf"
        ]
      },
      {
        "id": "azure",
        "kind": "dialect",
        "origin": "supplied",
        "version": "0.1.0",
        "content_digest": "sha256:d56fb089b939e87fa711e3e191a2ef52f0db696d411c0fcbc1bc5966ca39735e",
        "semantic_digest": "sha256:69c823f838d4e62d626f357478e11e0ab506ad392aae7ceec8fb1776b9af84e5",
        "providers": [
          {
            "source": "azure/azapi",
            "version": "= 2.12.0",
            "hosts": [
              "registry.opentofu.org",
              "registry.terraform.io"
            ]
          },
          {
            "source": "hashicorp/azuread",
            "version": "= 3.9.0",
            "hosts": [
              "registry.opentofu.org",
              "registry.terraform.io"
            ]
          },
          {
            "source": "hashicorp/azurerm",
            "version": "= 5.3.0",
            "hosts": [
              "registry.opentofu.org",
              "registry.terraform.io"
            ]
          }
        ],
        "dependencies": [
          "rf"
        ]
      },
      {
        "id": "cloudflare",
        "kind": "dialect",
        "origin": "supplied",
        "version": "0.1.0",
        "content_digest": "sha256:0ae59e8ecac75eeb0ba1738630791de167b92cd7193b18d4bf8d26f0a38c0ca9",
        "semantic_digest": "sha256:b43b77be534bc1abca4d4bf9df035608ff4e13b2b29d7f55c51c98969e4abcbb",
        "providers": [
          {
            "source": "cloudflare/cloudflare",
            "version": "= 5.24.0",
            "hosts": [
              "registry.opentofu.org",
              "registry.terraform.io"
            ]
          }
        ],
        "dependencies": [
          "rf"
        ]
      },
      {
        "id": "confluent",
        "kind": "dialect",
        "origin": "supplied",
        "version": "0.1.0",
        "content_digest": "sha256:ca6e821352dd72e3f8673378fc5f4fb9dcb2ee0420c096167bd5acc9c253d74d",
        "semantic_digest": "sha256:259507d5dbb4ab205ff2bbb0bc5df257e63ccb98d0dadb4f9dd11128b78d826b",
        "providers": [
          {
            "source": "confluentinc/confluent",
            "version": "= 2.83.0",
            "hosts": [
              "registry.opentofu.org",
              "registry.terraform.io"
            ]
          }
        ],
        "dependencies": [
          "rf"
        ]
      },
      {
        "id": "consul",
        "kind": "dialect",
        "origin": "supplied",
        "version": "0.1.0",
        "content_digest": "sha256:4094b9c0259e841335b31330a8f0b543566967d5a0e84b6fbaac867d244ff9a3",
        "semantic_digest": "sha256:b76c8ebe91f98e259d8496702e6ad89edc71a0371afac360fa1f53362ed23cad",
        "providers": [
          {
            "source": "hashicorp/consul",
            "version": "= 2.23.0",
            "hosts": [
              "registry.opentofu.org",
              "registry.terraform.io"
            ]
          }
        ],
        "dependencies": [
          "rf"
        ]
      },
      {
        "id": "databricks",
        "kind": "dialect",
        "origin": "supplied",
        "version": "0.1.0",
        "content_digest": "sha256:2d1d01064543f6cfd36510ee0e09113b8134e5d537c0ab47a2f6ca97d942c5df",
        "semantic_digest": "sha256:ef4a38517aa3d20479be601ea1a79c51eb7b5f71bbaa406407318bd51d6cf9bb",
        "providers": [
          {
            "source": "databricks/databricks",
            "version": "= 1.129.0",
            "hosts": [
              "registry.opentofu.org",
              "registry.terraform.io"
            ]
          }
        ],
        "dependencies": [
          "rf"
        ]
      },
      {
        "id": "datadog",
        "kind": "dialect",
        "origin": "supplied",
        "version": "0.1.0",
        "content_digest": "sha256:e738691316e6bf54110237e8abef06e80cb58838bddecb29b888f50c686d8bcd",
        "semantic_digest": "sha256:41d10191b7bba0a9ff8511a802172635f2afb81d536b55fb767f454e4f778129",
        "providers": [
          {
            "source": "datadog/datadog",
            "version": "= 4.19.0",
            "hosts": [
              "registry.opentofu.org",
              "registry.terraform.io"
            ]
          }
        ],
        "dependencies": []
      },
      {
        "id": "google",
        "kind": "dialect",
        "origin": "supplied",
        "version": "0.1.0",
        "content_digest": "sha256:0caf0ce2297bed1fc68af001b4f3da2d5c97ebd9223d8e4a596add8466b17d86",
        "semantic_digest": "sha256:9480311ec450af29838cdd48c626032d496dad1fa814db651a9159fcccd55917",
        "providers": [
          {
            "source": "hashicorp/google",
            "version": "= 8.0.0",
            "hosts": [
              "registry.opentofu.org",
              "registry.terraform.io"
            ]
          },
          {
            "source": "hashicorp/google-beta",
            "version": "= 8.0.0",
            "hosts": [
              "registry.opentofu.org",
              "registry.terraform.io"
            ]
          }
        ],
        "dependencies": [
          "rf"
        ]
      },
      {
        "id": "grafana",
        "kind": "dialect",
        "origin": "supplied",
        "version": "0.1.0",
        "content_digest": "sha256:4dc88a08552555bcfbc5986fbaa618fa234e49c97d0f049c2f79ccf6ee843756",
        "semantic_digest": "sha256:f2bae3da1e32fe12ad403f2ae8618ecc7d808f26650084fdc140e5e886b1bde1",
        "providers": [
          {
            "source": "grafana/grafana",
            "version": "= 4.45.2",
            "hosts": [
              "registry.opentofu.org",
              "registry.terraform.io"
            ]
          }
        ],
        "dependencies": [
          "rf"
        ]
      },
      {
        "id": "hcp",
        "kind": "dialect",
        "origin": "supplied",
        "version": "0.1.0",
        "content_digest": "sha256:e35be0dc422fc6e26a5980e10ffbd1beea8b280b4eaf4a5bf610bf1b67a3a993",
        "semantic_digest": "sha256:629912e0dd22c0c3dd80c0c5db571b2949625b306da52a823c20dff4b07b3119",
        "providers": [
          {
            "source": "hashicorp/hcp",
            "version": "= 0.114.0",
            "hosts": [
              "registry.opentofu.org",
              "registry.terraform.io"
            ]
          }
        ],
        "dependencies": [
          "rf"
        ]
      },
      {
        "id": "kestra",
        "kind": "dialect",
        "origin": "supplied",
        "version": "0.1.0",
        "content_digest": "sha256:6b0ddca1674fa7c1cd77773b13339cd1dccbcc6fc283a0cf5c4652c1f4e1ef4a",
        "semantic_digest": "sha256:4b0591ab0f416c6b33746dd39799eb031e7f2bb4407830ddd39eb5b0462e0b0f",
        "providers": [
          {
            "source": "kestra-io/kestra",
            "version": "< 1.0.0, >= 0.15.0",
            "hosts": [
              "registry.opentofu.org",
              "registry.terraform.io"
            ]
          }
        ],
        "dependencies": []
      },
      {
        "id": "kubernetes",
        "kind": "dialect",
        "origin": "supplied",
        "version": "0.1.0",
        "content_digest": "sha256:ec4e4919d9c23e7deaa9be5627b0eeff8215100ac0ec8623dbc2c50827f0d635",
        "semantic_digest": "sha256:69308a0333bdd366b22b23d60f0b28cb40071fd812e126bbdd293d532ca69d6b",
        "providers": [
          {
            "source": "hashicorp/kubernetes",
            "version": "< 3.0.0, >= 2.0.0",
            "hosts": [
              "registry.opentofu.org",
              "registry.terraform.io"
            ]
          }
        ],
        "dependencies": [
          "rf"
        ]
      },
      {
        "id": "mongodb-atlas",
        "kind": "dialect",
        "origin": "supplied",
        "version": "0.1.0",
        "content_digest": "sha256:b8d3c04aa823e5480ad305e54f42eb312a721a9a19a5edcf7019d43b94d14895",
        "semantic_digest": "sha256:7e756d96f8793ee076095ef46d7fca102bd238852790f00fcc6d096b11462b67",
        "providers": [
          {
            "source": "mongodb/mongodbatlas",
            "version": "= 2.16.0",
            "hosts": [
              "registry.opentofu.org",
              "registry.terraform.io"
            ]
          }
        ],
        "dependencies": [
          "rf"
        ]
      },
      {
        "id": "newrelic",
        "kind": "dialect",
        "origin": "supplied",
        "version": "0.1.0",
        "content_digest": "sha256:e2e3f23599f72182bcd976692133e65b067a40129f8fd8768c03be3004462c1d",
        "semantic_digest": "sha256:5e932f3a168c07047040df16e72e94dfb111b554816200bc11e1d25d5f325802",
        "providers": [
          {
            "source": "newrelic/newrelic",
            "version": "= 3.96.4",
            "hosts": [
              "registry.opentofu.org",
              "registry.terraform.io"
            ]
          }
        ],
        "dependencies": [
          "rf"
        ]
      },
      {
        "id": "okta",
        "kind": "dialect",
        "origin": "supplied",
        "version": "0.1.0",
        "content_digest": "sha256:0455861eb29ab6b80d446c9da591e018f892fb70d607d45a4368c6fa7b17d9fd",
        "semantic_digest": "sha256:900ad252631e91b2051ad3b19c6ec15b7c6c8e34e0eed2819be5668d3e6ed1c8",
        "providers": [
          {
            "source": "okta/okta",
            "version": "= 7.0.0",
            "hosts": [
              "registry.opentofu.org",
              "registry.terraform.io"
            ]
          }
        ],
        "dependencies": []
      },
      {
        "id": "rf",
        "kind": "vocabulary",
        "origin": "supplied",
        "version": "0.1.0",
        "content_digest": "sha256:cab0d0c0283c2b5a4a689d9bbda36a09d439ca6d46db78f4fadfb1c7fd6849c5",
        "semantic_digest": "sha256:cab0d0c0283c2b5a4a689d9bbda36a09d439ca6d46db78f4fadfb1c7fd6849c5",
        "providers": [],
        "dependencies": []
      },
      {
        "id": "secrets",
        "kind": "dialect",
        "origin": "supplied",
        "version": "0.1.0",
        "content_digest": "sha256:866a25eefffe767181d3edef3382b7219137d1049f9b9275af0fefe595892c12",
        "semantic_digest": "sha256:95d5b00591b87cc9e530b5d539f580f43ed17919eb29eef05e96d54625c0983e",
        "providers": [
          {
            "source": "hashicorp/random",
            "version": "< 4.0.0, >= 3.0.0",
            "hosts": [
              "registry.opentofu.org",
              "registry.terraform.io"
            ]
          }
        ],
        "dependencies": []
      },
      {
        "id": "snowflake",
        "kind": "dialect",
        "origin": "supplied",
        "version": "0.1.0",
        "content_digest": "sha256:98f106e47db09ed898ab5119ad0acfa66770322c8a9047e302e58c1e18144a1c",
        "semantic_digest": "sha256:1590159f7dba1e322e840b89e7f591ef5558e0877b884cf22bdce6e5393af510",
        "providers": [
          {
            "source": "snowflakedb/snowflake",
            "version": "= 2.20.0",
            "hosts": [
              "registry.opentofu.org",
              "registry.terraform.io"
            ]
          }
        ],
        "dependencies": [
          "rf"
        ]
      },
      {
        "id": "vault",
        "kind": "dialect",
        "origin": "supplied",
        "version": "0.1.0",
        "content_digest": "sha256:908d55f1f2689e111f2ec7540999d73a2697da9f9f2cf0b4491f12a42f10d178",
        "semantic_digest": "sha256:48f428f93b364f042f77a2d46649d0d3cef147f667cca72a3568bd9f13c6c936",
        "providers": [
          {
            "source": "hashicorp/vault",
            "version": "= 5.11.0",
            "hosts": [
              "registry.opentofu.org",
              "registry.terraform.io"
            ]
          }
        ],
        "dependencies": [
          "rf"
        ]
      }
    ],
    "concepts": [
      {
        "id": "consul.concept.access-control-configuration",
        "owner": "consul",
        "name": "access-control-configuration",
        "description": "A binding or attachment supporting a Consul identity boundary."
      },
      {
        "id": "consul.concept.acl-auth-method",
        "owner": "consul",
        "name": "acl-auth-method",
        "description": "A Consul authentication boundary that verifies an external workload identity."
      },
      {
        "id": "consul.concept.admin-partition",
        "owner": "consul",
        "name": "admin-partition",
        "description": "A Consul Enterprise administrative and communication boundary."
      },
      {
        "id": "consul.concept.consul-node",
        "owner": "consul",
        "name": "consul-node",
        "description": "A node registered in the Consul service catalog."
      },
      {
        "id": "consul.concept.consul-service",
        "owner": "consul",
        "name": "consul-service",
        "description": "A service registered or selected in the Consul catalog."
      },
      {
        "id": "consul.concept.namespace",
        "owner": "consul",
        "name": "namespace",
        "description": "A Consul Enterprise tenant boundary within an admin partition."
      },
      {
        "id": "rf.concept.virtual-network",
        "owner": "rf",
        "name": "virtual-network",
        "description": "An explicitly declared virtual network."
      }
    ],
    "contexts": [
      {
        "id": "consul.context.ownership",
        "owner": "consul",
        "name": "ownership",
        "description": "Administrative or lifecycle ownership."
      },
      {
        "id": "rf.context.runtime",
        "owner": "rf",
        "name": "runtime",
        "description": "A declared execution environment or target without proof of effective execution."
      }
    ],
    "relations": [],
    "rules": [
      {
        "id": "aws.rule.vpc",
        "owner": "aws",
        "match_kind": "resource",
        "match_type": "aws_vpc",
        "concept": "rf.concept.virtual-network",
        "identity": {
          "attributes": [
            "id"
          ],
          "scope": "provider"
        },
        "endpoint": {
          "attributes": [
            "cidr_block",
            "id"
          ]
        },
        "emissions": []
      },
      {
        "id": "consul.rule.acl-auth-method",
        "owner": "consul",
        "match_kind": "resource",
        "match_type": "consul_acl_auth_method",
        "concept": "consul.concept.acl-auth-method",
        "identity": {
          "attributes": [
            "id",
            "name"
          ],
          "scope": "provider"
        },
        "endpoint": {
          "attributes": [
            "id",
            "name"
          ]
        },
        "emissions": [
          "emission:ea734f3116ec80322591c3e4f45fc47525aa183b3ab11983ffd8fdc6527dc978"
        ]
      },
      {
        "id": "consul.rule.acl-binding-rule",
        "owner": "consul",
        "match_kind": "resource",
        "match_type": "consul_acl_binding_rule",
        "concept": "consul.concept.access-control-configuration",
        "emissions": [
          "emission:1d4653de173ff2d91dd72f131fd42351587f64254da723c8fb765fa965f1a005"
        ]
      },
      {
        "id": "consul.rule.admin-partition",
        "owner": "consul",
        "match_kind": "resource",
        "match_type": "consul_admin_partition",
        "concept": "consul.concept.admin-partition",
        "identity": {
          "attributes": [
            "id",
            "name"
          ],
          "scope": "provider"
        },
        "endpoint": {
          "attributes": [
            "id",
            "name"
          ]
        },
        "emissions": []
      },
      {
        "id": "consul.rule.namespace",
        "owner": "consul",
        "match_kind": "resource",
        "match_type": "consul_namespace",
        "concept": "consul.concept.namespace",
        "identity": {
          "attributes": [
            "name"
          ],
          "scope": "provider"
        },
        "endpoint": {
          "attributes": [
            "id",
            "name"
          ]
        },
        "emissions": [
          "emission:058a124a0f43f3e277437a9c6b4f3d79e9f1fc436934c104e6acda7354dad578"
        ]
      },
      {
        "id": "consul.rule.node",
        "owner": "consul",
        "match_kind": "resource",
        "match_type": "consul_node",
        "concept": "consul.concept.consul-node",
        "identity": {
          "attributes": [
            "id",
            "name"
          ],
          "scope": "provider"
        },
        "endpoint": {
          "attributes": [
            "id",
            "name"
          ]
        },
        "emissions": []
      },
      {
        "id": "consul.rule.service",
        "owner": "consul",
        "match_kind": "resource",
        "match_type": "consul_service",
        "concept": "consul.concept.consul-service",
        "identity": {
          "attributes": [
            "id",
            "name"
          ],
          "scope": "provider"
        },
        "endpoint": {
          "attributes": [
            "id",
            "name"
          ]
        },
        "emissions": [
          "emission:5c3dd2166ab5b88384f33368b86bb83fdf8fefdf652590e2974e181d8243d2a2",
          "emission:e721e3d2905287b2291bace9c9a094df239e012dd350cfeb86a582c196d5b51b"
        ]
      }
    ],
    "emissions": [
      {
        "id": "emission:058a124a0f43f3e277437a9c6b4f3d79e9f1fc436934c104e6acda7354dad578",
        "rule": "consul.rule.namespace",
        "kind": "context",
        "to": {
          "kind": "concept",
          "id": "consul.concept.admin-partition"
        },
        "dimension": "consul.context.ownership",
        "via": "source.partition",
        "match": {
          "by": [
            "name"
          ],
          "strategy": "exact"
        },
        "on_null": "absent",
        "on_empty": "absent",
        "external": "deny",
        "disclose": "none"
      },
      {
        "id": "emission:1d4653de173ff2d91dd72f131fd42351587f64254da723c8fb765fa965f1a005",
        "rule": "consul.rule.acl-binding-rule",
        "kind": "contribution",
        "to": {
          "kind": "concept",
          "id": "consul.concept.acl-auth-method"
        },
        "via": "source.auth_method",
        "match": {
          "by": [
            "name"
          ],
          "strategy": "exact"
        },
        "on_null": "absent",
        "on_empty": "absent",
        "external": "deny",
        "disclose": "none"
      },
      {
        "id": "emission:5c3dd2166ab5b88384f33368b86bb83fdf8fefdf652590e2974e181d8243d2a2",
        "rule": "consul.rule.service",
        "kind": "context",
        "to": {
          "kind": "concept",
          "id": "consul.concept.namespace"
        },
        "dimension": "consul.context.ownership",
        "via": "source.namespace",
        "match": {
          "by": [
            "name"
          ],
          "strategy": "exact"
        },
        "on_null": "absent",
        "on_empty": "absent",
        "external": "allow",
        "disclose": "none"
      },
      {
        "id": "emission:e721e3d2905287b2291bace9c9a094df239e012dd350cfeb86a582c196d5b51b",
        "rule": "consul.rule.service",
        "kind": "context",
        "to": {
          "kind": "concept",
          "id": "consul.concept.consul-node"
        },
        "dimension": "rf.context.runtime",
        "via": "source.node",
        "match": {
          "by": [
            "name"
          ],
          "strategy": "exact"
        },
        "on_null": "absent",
        "on_empty": "absent",
        "external": "deny",
        "disclose": "none"
      },
      {
        "id": "emission:ea734f3116ec80322591c3e4f45fc47525aa183b3ab11983ffd8fdc6527dc978",
        "rule": "consul.rule.acl-auth-method",
        "kind": "context",
        "to": {
          "kind": "concept",
          "id": "consul.concept.namespace"
        },
        "dimension": "consul.context.ownership",
        "via": "source.namespace",
        "match": {
          "by": [
            "name"
          ],
          "strategy": "exact"
        },
        "on_null": "absent",
        "on_empty": "absent",
        "external": "allow",
        "disclose": "none"
      }
    ]
  },
  "stages": {
    "planned": {
      "stage": "planned",
      "label": "Planned",
      "declarations": [
        {
          "id": "declaration:1:aws_vpc.mismatch",
          "kind": "resource",
          "type": "aws_vpc",
          "name": "mismatch",
          "address": "aws_vpc.mismatch",
          "provider": {
            "address": "registry.terraform.io/hashicorp/aws",
            "alias": "",
            "alias_availability": "available"
          },
          "population": {
            "status": "observed",
            "instances": 1
          },
          "diagnostics": []
        },
        {
          "id": "declaration:1:consul_acl_auth_method.first",
          "kind": "resource",
          "type": "consul_acl_auth_method",
          "name": "first",
          "address": "consul_acl_auth_method.first",
          "provider": {
            "address": "registry.terraform.io/hashicorp/consul",
            "alias": "",
            "alias_availability": "available"
          },
          "population": {
            "status": "observed",
            "instances": 1
          },
          "diagnostics": []
        },
        {
          "id": "declaration:1:consul_acl_auth_method.second",
          "kind": "resource",
          "type": "consul_acl_auth_method",
          "name": "second",
          "address": "consul_acl_auth_method.second",
          "provider": {
            "address": "registry.terraform.io/hashicorp/consul",
            "alias": "",
            "alias_availability": "available"
          },
          "population": {
            "status": "observed",
            "instances": 1
          },
          "diagnostics": []
        },
        {
          "id": "declaration:1:consul_acl_binding_rule.ambiguous",
          "kind": "resource",
          "type": "consul_acl_binding_rule",
          "name": "ambiguous",
          "address": "consul_acl_binding_rule.ambiguous",
          "provider": {
            "address": "registry.terraform.io/hashicorp/consul",
            "alias": "",
            "alias_availability": "available"
          },
          "population": {
            "status": "observed",
            "instances": 1
          },
          "diagnostics": []
        },
        {
          "id": "declaration:1:consul_acl_binding_rule.literal",
          "kind": "resource",
          "type": "consul_acl_binding_rule",
          "name": "literal",
          "address": "consul_acl_binding_rule.literal",
          "provider": {
            "address": "registry.terraform.io/hashicorp/consul",
            "alias": "",
            "alias_availability": "available"
          },
          "population": {
            "status": "observed",
            "instances": 1
          },
          "diagnostics": []
        },
        {
          "id": "declaration:1:consul_acl_binding_rule.mismatch",
          "kind": "resource",
          "type": "consul_acl_binding_rule",
          "name": "mismatch",
          "address": "consul_acl_binding_rule.mismatch",
          "provider": {
            "address": "registry.terraform.io/hashicorp/consul",
            "alias": "",
            "alias_availability": "available"
          },
          "population": {
            "status": "observed",
            "instances": 1
          },
          "diagnostics": []
        },
        {
          "id": "declaration:1:consul_acl_policy.private",
          "kind": "resource",
          "type": "consul_acl_policy",
          "name": "private",
          "address": "consul_acl_policy.private",
          "provider": {
            "address": "registry.terraform.io/hashicorp/consul",
            "alias": "",
            "alias_availability": "available"
          },
          "population": {
            "status": "observed",
            "instances": 1
          },
          "diagnostics": []
        },
        {
          "id": "declaration:1:consul_acl_token.private",
          "kind": "resource",
          "type": "consul_acl_token",
          "name": "private",
          "address": "consul_acl_token.private",
          "provider": {
            "address": "registry.terraform.io/hashicorp/consul",
            "alias": "",
            "alias_availability": "available"
          },
          "population": {
            "status": "observed",
            "instances": 1
          },
          "diagnostics": []
        },
        {
          "id": "declaration:1:consul_admin_partition.first",
          "kind": "resource",
          "type": "consul_admin_partition",
          "name": "first",
          "address": "consul_admin_partition.first",
          "provider": {
            "address": "registry.terraform.io/hashicorp/consul",
            "alias": "",
            "alias_availability": "available"
          },
          "population": {
            "status": "observed",
            "instances": 1
          },
          "diagnostics": []
        },
        {
          "id": "declaration:1:consul_admin_partition.second",
          "kind": "resource",
          "type": "consul_admin_partition",
          "name": "second",
          "address": "consul_admin_partition.second",
          "provider": {
            "address": "registry.terraform.io/hashicorp/consul",
            "alias": "",
            "alias_availability": "available"
          },
          "population": {
            "status": "observed",
            "instances": 1
          },
          "diagnostics": []
        },
        {
          "id": "declaration:1:consul_certificate_authority.private",
          "kind": "resource",
          "type": "consul_certificate_authority",
          "name": "private",
          "address": "consul_certificate_authority.private",
          "provider": {
            "address": "registry.terraform.io/hashicorp/consul",
            "alias": "",
            "alias_availability": "available"
          },
          "population": {
            "status": "observed",
            "instances": 1
          },
          "diagnostics": []
        },
        {
          "id": "declaration:1:consul_keys.private",
          "kind": "resource",
          "type": "consul_keys",
          "name": "private",
          "address": "consul_keys.private",
          "provider": {
            "address": "registry.terraform.io/hashicorp/consul",
            "alias": "",
            "alias_availability": "available"
          },
          "population": {
            "status": "observed",
            "instances": 1
          },
          "diagnostics": []
        },
        {
          "id": "declaration:1:consul_license.private",
          "kind": "resource",
          "type": "consul_license",
          "name": "private",
          "address": "consul_license.private",
          "provider": {
            "address": "registry.terraform.io/hashicorp/consul",
            "alias": "",
            "alias_availability": "available"
          },
          "population": {
            "status": "observed",
            "instances": 1
          },
          "diagnostics": []
        },
        {
          "id": "declaration:1:consul_namespace.first",
          "kind": "resource",
          "type": "consul_namespace",
          "name": "first",
          "address": "consul_namespace.first",
          "provider": {
            "address": "registry.terraform.io/hashicorp/consul",
            "alias": "",
            "alias_availability": "available"
          },
          "population": {
            "status": "observed",
            "instances": 1
          },
          "diagnostics": []
        },
        {
          "id": "declaration:1:consul_namespace.second",
          "kind": "resource",
          "type": "consul_namespace",
          "name": "second",
          "address": "consul_namespace.second",
          "provider": {
            "address": "registry.terraform.io/hashicorp/consul",
            "alias": "",
            "alias_availability": "available"
          },
          "population": {
            "status": "observed",
            "instances": 1
          },
          "diagnostics": []
        },
        {
          "id": "declaration:1:consul_node.first",
          "kind": "resource",
          "type": "consul_node",
          "name": "first",
          "address": "consul_node.first",
          "provider": {
            "address": "registry.terraform.io/hashicorp/consul",
            "alias": "",
            "alias_availability": "available"
          },
          "population": {
            "status": "observed",
            "instances": 1
          },
          "diagnostics": []
        },
        {
          "id": "declaration:1:consul_node.second",
          "kind": "resource",
          "type": "consul_node",
          "name": "second",
          "address": "consul_node.second",
          "provider": {
            "address": "registry.terraform.io/hashicorp/consul",
            "alias": "",
            "alias_availability": "available"
          },
          "population": {
            "status": "observed",
            "instances": 1
          },
          "diagnostics": []
        },
        {
          "id": "declaration:1:consul_service.ambiguous",
          "kind": "resource",
          "type": "consul_service",
          "name": "ambiguous",
          "address": "consul_service.ambiguous",
          "provider": {
            "address": "registry.terraform.io/hashicorp/consul",
            "alias": "",
            "alias_availability": "available"
          },
          "population": {
            "status": "observed",
            "instances": 1
          },
          "diagnostics": []
        },
        {
          "id": "declaration:1:consul_service.literal",
          "kind": "resource",
          "type": "consul_service",
          "name": "literal",
          "address": "consul_service.literal",
          "provider": {
            "address": "registry.terraform.io/hashicorp/consul",
            "alias": "",
            "alias_availability": "available"
          },
          "population": {
            "status": "observed",
            "instances": 1
          },
          "diagnostics": []
        },
        {
          "id": "declaration:1:consul_service.mismatch",
          "kind": "resource",
          "type": "consul_service",
          "name": "mismatch",
          "address": "consul_service.mismatch",
          "provider": {
            "address": "registry.terraform.io/hashicorp/consul",
            "alias": "",
            "alias_availability": "available"
          },
          "population": {
            "status": "observed",
            "instances": 1
          },
          "diagnostics": []
        }
      ],
      "representations": [
        {
          "id": "representation:1:aws_vpc.mismatch",
          "kind": "managed",
          "declaration": "declaration:1:aws_vpc.mismatch",
          "address": "aws_vpc.mismatch",
          "index_key": {
            "kind": "none"
          },
          "status": "planned",
          "actions": [
            "create"
          ],
          "provider": {
            "address": "registry.terraform.io/hashicorp/aws",
            "alias": "",
            "alias_availability": "available"
          },
          "interpretation": {
            "status": "applied",
            "candidates": [
              "aws.rule.vpc"
            ],
            "diagnostics": []
          },
          "rule": "aws.rule.vpc",
          "concept": "rf.concept.virtual-network",
          "implementation": {
            "kind": "direct"
          },
          "diagnostics": []
        },
        {
          "id": "representation:1:consul_acl_auth_method.first",
          "kind": "managed",
          "declaration": "declaration:1:consul_acl_auth_method.first",
          "address": "consul_acl_auth_method.first",
          "index_key": {
            "kind": "none"
          },
          "status": "planned",
          "actions": [
            "create"
          ],
          "provider": {
            "address": "registry.terraform.io/hashicorp/consul",
            "alias": "",
            "alias_availability": "available"
          },
          "interpretation": {
            "status": "applied",
            "candidates": [
              "consul.rule.acl-auth-method"
            ],
            "diagnostics": []
          },
          "rule": "consul.rule.acl-auth-method",
          "concept": "consul.concept.acl-auth-method",
          "implementation": {
            "kind": "direct"
          },
          "diagnostics": []
        },
        {
          "id": "representation:1:consul_acl_auth_method.second",
          "kind": "managed",
          "declaration": "declaration:1:consul_acl_auth_method.second",
          "address": "consul_acl_auth_method.second",
          "index_key": {
            "kind": "none"
          },
          "status": "planned",
          "actions": [
            "create"
          ],
          "provider": {
            "address": "registry.terraform.io/hashicorp/consul",
            "alias": "",
            "alias_availability": "available"
          },
          "interpretation": {
            "status": "applied",
            "candidates": [
              "consul.rule.acl-auth-method"
            ],
            "diagnostics": []
          },
          "rule": "consul.rule.acl-auth-method",
          "concept": "consul.concept.acl-auth-method",
          "implementation": {
            "kind": "direct"
          },
          "diagnostics": []
        },
        {
          "id": "representation:1:consul_acl_binding_rule.ambiguous",
          "kind": "managed",
          "declaration": "declaration:1:consul_acl_binding_rule.ambiguous",
          "address": "consul_acl_binding_rule.ambiguous",
          "index_key": {
            "kind": "none"
          },
          "status": "planned",
          "actions": [
            "create"
          ],
          "provider": {
            "address": "registry.terraform.io/hashicorp/consul",
            "alias": "",
            "alias_availability": "available"
          },
          "interpretation": {
            "status": "applied",
            "candidates": [
              "consul.rule.acl-binding-rule"
            ],
            "diagnostics": []
          },
          "rule": "consul.rule.acl-binding-rule",
          "concept": "consul.concept.access-control-configuration",
          "implementation": {
            "kind": "direct"
          },
          "diagnostics": []
        },
        {
          "id": "representation:1:consul_acl_binding_rule.literal",
          "kind": "managed",
          "declaration": "declaration:1:consul_acl_binding_rule.literal",
          "address": "consul_acl_binding_rule.literal",
          "index_key": {
            "kind": "none"
          },
          "status": "planned",
          "actions": [
            "create"
          ],
          "provider": {
            "address": "registry.terraform.io/hashicorp/consul",
            "alias": "",
            "alias_availability": "available"
          },
          "interpretation": {
            "status": "applied",
            "candidates": [
              "consul.rule.acl-binding-rule"
            ],
            "diagnostics": []
          },
          "rule": "consul.rule.acl-binding-rule",
          "concept": "consul.concept.access-control-configuration",
          "implementation": {
            "kind": "direct"
          },
          "diagnostics": []
        },
        {
          "id": "representation:1:consul_acl_binding_rule.mismatch",
          "kind": "managed",
          "declaration": "declaration:1:consul_acl_binding_rule.mismatch",
          "address": "consul_acl_binding_rule.mismatch",
          "index_key": {
            "kind": "none"
          },
          "status": "planned",
          "actions": [
            "create"
          ],
          "provider": {
            "address": "registry.terraform.io/hashicorp/consul",
            "alias": "",
            "alias_availability": "available"
          },
          "interpretation": {
            "status": "applied",
            "candidates": [
              "consul.rule.acl-binding-rule"
            ],
            "diagnostics": []
          },
          "rule": "consul.rule.acl-binding-rule",
          "concept": "consul.concept.access-control-configuration",
          "implementation": {
            "kind": "direct"
          },
          "diagnostics": []
        },
        {
          "id": "representation:1:consul_acl_policy.private",
          "kind": "managed",
          "declaration": "declaration:1:consul_acl_policy.private",
          "address": "consul_acl_policy.private",
          "index_key": {
            "kind": "none"
          },
          "status": "planned",
          "actions": [
            "create"
          ],
          "provider": {
            "address": "registry.terraform.io/hashicorp/consul",
            "alias": "",
            "alias_availability": "available"
          },
          "interpretation": {
            "status": "none",
            "candidates": [],
            "diagnostics": []
          },
          "implementation": {
            "kind": "direct"
          },
          "diagnostics": []
        },
        {
          "id": "representation:1:consul_acl_token.private",
          "kind": "managed",
          "declaration": "declaration:1:consul_acl_token.private",
          "address": "consul_acl_token.private",
          "index_key": {
            "kind": "none"
          },
          "status": "planned",
          "actions": [
            "create"
          ],
          "provider": {
            "address": "registry.terraform.io/hashicorp/consul",
            "alias": "",
            "alias_availability": "available"
          },
          "interpretation": {
            "status": "none",
            "candidates": [],
            "diagnostics": []
          },
          "implementation": {
            "kind": "direct"
          },
          "diagnostics": []
        },
        {
          "id": "representation:1:consul_admin_partition.first",
          "kind": "managed",
          "declaration": "declaration:1:consul_admin_partition.first",
          "address": "consul_admin_partition.first",
          "index_key": {
            "kind": "none"
          },
          "status": "planned",
          "actions": [
            "create"
          ],
          "provider": {
            "address": "registry.terraform.io/hashicorp/consul",
            "alias": "",
            "alias_availability": "available"
          },
          "interpretation": {
            "status": "applied",
            "candidates": [
              "consul.rule.admin-partition"
            ],
            "diagnostics": []
          },
          "rule": "consul.rule.admin-partition",
          "concept": "consul.concept.admin-partition",
          "implementation": {
            "kind": "direct"
          },
          "diagnostics": []
        },
        {
          "id": "representation:1:consul_admin_partition.second",
          "kind": "managed",
          "declaration": "declaration:1:consul_admin_partition.second",
          "address": "consul_admin_partition.second",
          "index_key": {
            "kind": "none"
          },
          "status": "planned",
          "actions": [
            "create"
          ],
          "provider": {
            "address": "registry.terraform.io/hashicorp/consul",
            "alias": "",
            "alias_availability": "available"
          },
          "interpretation": {
            "status": "applied",
            "candidates": [
              "consul.rule.admin-partition"
            ],
            "diagnostics": []
          },
          "rule": "consul.rule.admin-partition",
          "concept": "consul.concept.admin-partition",
          "implementation": {
            "kind": "direct"
          },
          "diagnostics": []
        },
        {
          "id": "representation:1:consul_certificate_authority.private",
          "kind": "managed",
          "declaration": "declaration:1:consul_certificate_authority.private",
          "address": "consul_certificate_authority.private",
          "index_key": {
            "kind": "none"
          },
          "status": "planned",
          "actions": [
            "create"
          ],
          "provider": {
            "address": "registry.terraform.io/hashicorp/consul",
            "alias": "",
            "alias_availability": "available"
          },
          "interpretation": {
            "status": "none",
            "candidates": [],
            "diagnostics": []
          },
          "implementation": {
            "kind": "direct"
          },
          "diagnostics": []
        },
        {
          "id": "representation:1:consul_keys.private",
          "kind": "managed",
          "declaration": "declaration:1:consul_keys.private",
          "address": "consul_keys.private",
          "index_key": {
            "kind": "none"
          },
          "status": "planned",
          "actions": [
            "create"
          ],
          "provider": {
            "address": "registry.terraform.io/hashicorp/consul",
            "alias": "",
            "alias_availability": "available"
          },
          "interpretation": {
            "status": "none",
            "candidates": [],
            "diagnostics": []
          },
          "implementation": {
            "kind": "direct"
          },
          "diagnostics": []
        },
        {
          "id": "representation:1:consul_license.private",
          "kind": "managed",
          "declaration": "declaration:1:consul_license.private",
          "address": "consul_license.private",
          "index_key": {
            "kind": "none"
          },
          "status": "planned",
          "actions": [
            "create"
          ],
          "provider": {
            "address": "registry.terraform.io/hashicorp/consul",
            "alias": "",
            "alias_availability": "available"
          },
          "interpretation": {
            "status": "none",
            "candidates": [],
            "diagnostics": []
          },
          "implementation": {
            "kind": "direct"
          },
          "diagnostics": []
        },
        {
          "id": "representation:1:consul_namespace.first",
          "kind": "managed",
          "declaration": "declaration:1:consul_namespace.first",
          "address": "consul_namespace.first",
          "index_key": {
            "kind": "none"
          },
          "status": "planned",
          "actions": [
            "create"
          ],
          "provider": {
            "address": "registry.terraform.io/hashicorp/consul",
            "alias": "",
            "alias_availability": "available"
          },
          "interpretation": {
            "status": "applied",
            "candidates": [
              "consul.rule.namespace"
            ],
            "diagnostics": []
          },
          "rule": "consul.rule.namespace",
          "concept": "consul.concept.namespace",
          "implementation": {
            "kind": "direct"
          },
          "diagnostics": []
        },
        {
          "id": "representation:1:consul_namespace.second",
          "kind": "managed",
          "declaration": "declaration:1:consul_namespace.second",
          "address": "consul_namespace.second",
          "index_key": {
            "kind": "none"
          },
          "status": "planned",
          "actions": [
            "create"
          ],
          "provider": {
            "address": "registry.terraform.io/hashicorp/consul",
            "alias": "",
            "alias_availability": "available"
          },
          "interpretation": {
            "status": "applied",
            "candidates": [
              "consul.rule.namespace"
            ],
            "diagnostics": []
          },
          "rule": "consul.rule.namespace",
          "concept": "consul.concept.namespace",
          "implementation": {
            "kind": "direct"
          },
          "diagnostics": []
        },
        {
          "id": "representation:1:consul_node.first",
          "kind": "managed",
          "declaration": "declaration:1:consul_node.first",
          "address": "consul_node.first",
          "index_key": {
            "kind": "none"
          },
          "status": "planned",
          "actions": [
            "create"
          ],
          "provider": {
            "address": "registry.terraform.io/hashicorp/consul",
            "alias": "",
            "alias_availability": "available"
          },
          "interpretation": {
            "status": "applied",
            "candidates": [
              "consul.rule.node"
            ],
            "diagnostics": []
          },
          "rule": "consul.rule.node",
          "concept": "consul.concept.consul-node",
          "implementation": {
            "kind": "direct"
          },
          "diagnostics": []
        },
        {
          "id": "representation:1:consul_node.second",
          "kind": "managed",
          "declaration": "declaration:1:consul_node.second",
          "address": "consul_node.second",
          "index_key": {
            "kind": "none"
          },
          "status": "planned",
          "actions": [
            "create"
          ],
          "provider": {
            "address": "registry.terraform.io/hashicorp/consul",
            "alias": "",
            "alias_availability": "available"
          },
          "interpretation": {
            "status": "applied",
            "candidates": [
              "consul.rule.node"
            ],
            "diagnostics": []
          },
          "rule": "consul.rule.node",
          "concept": "consul.concept.consul-node",
          "implementation": {
            "kind": "direct"
          },
          "diagnostics": []
        },
        {
          "id": "representation:1:consul_service.ambiguous",
          "kind": "managed",
          "declaration": "declaration:1:consul_service.ambiguous",
          "address": "consul_service.ambiguous",
          "index_key": {
            "kind": "none"
          },
          "status": "planned",
          "actions": [
            "create"
          ],
          "provider": {
            "address": "registry.terraform.io/hashicorp/consul",
            "alias": "",
            "alias_availability": "available"
          },
          "interpretation": {
            "status": "applied",
            "candidates": [
              "consul.rule.service"
            ],
            "diagnostics": []
          },
          "rule": "consul.rule.service",
          "concept": "consul.concept.consul-service",
          "implementation": {
            "kind": "direct"
          },
          "diagnostics": []
        },
        {
          "id": "representation:1:consul_service.literal",
          "kind": "managed",
          "declaration": "declaration:1:consul_service.literal",
          "address": "consul_service.literal",
          "index_key": {
            "kind": "none"
          },
          "status": "planned",
          "actions": [
            "create"
          ],
          "provider": {
            "address": "registry.terraform.io/hashicorp/consul",
            "alias": "",
            "alias_availability": "available"
          },
          "interpretation": {
            "status": "applied",
            "candidates": [
              "consul.rule.service"
            ],
            "diagnostics": []
          },
          "rule": "consul.rule.service",
          "concept": "consul.concept.consul-service",
          "implementation": {
            "kind": "direct"
          },
          "diagnostics": []
        },
        {
          "id": "representation:1:consul_service.mismatch",
          "kind": "managed",
          "declaration": "declaration:1:consul_service.mismatch",
          "address": "consul_service.mismatch",
          "index_key": {
            "kind": "none"
          },
          "status": "planned",
          "actions": [
            "create"
          ],
          "provider": {
            "address": "registry.terraform.io/hashicorp/consul",
            "alias": "",
            "alias_availability": "available"
          },
          "interpretation": {
            "status": "applied",
            "candidates": [
              "consul.rule.service"
            ],
            "diagnostics": []
          },
          "rule": "consul.rule.service",
          "concept": "consul.concept.consul-service",
          "implementation": {
            "kind": "direct"
          },
          "diagnostics": []
        }
      ],
      "contexts": [
        {
          "id": "context:consul.context.ownership:representation%3A1%3Aconsul_acl_auth_method.first:representation%3A1%3Aconsul_namespace.first",
          "from": "representation:1:consul_acl_auth_method.first",
          "to": "representation:1:consul_namespace.first",
          "dimension": "consul.context.ownership",
          "provenance": [
            {
              "emission": "emission:ea734f3116ec80322591c3e4f45fc47525aa183b3ab11983ffd8fdc6527dc978",
              "rule": "consul.rule.acl-auth-method",
              "closure": "closure:representation%3A1%3Aconsul_acl_auth_method.first:emission%3Aea734f3116ec80322591c3e4f45fc47525aa183b3ab11983ffd8fdc6527dc978",
              "evidence": "both"
            }
          ]
        },
        {
          "id": "context:consul.context.ownership:representation%3A1%3Aconsul_acl_auth_method.second:representation%3A1%3Aconsul_namespace.second",
          "from": "representation:1:consul_acl_auth_method.second",
          "to": "representation:1:consul_namespace.second",
          "dimension": "consul.context.ownership",
          "provenance": [
            {
              "emission": "emission:ea734f3116ec80322591c3e4f45fc47525aa183b3ab11983ffd8fdc6527dc978",
              "rule": "consul.rule.acl-auth-method",
              "closure": "closure:representation%3A1%3Aconsul_acl_auth_method.second:emission%3Aea734f3116ec80322591c3e4f45fc47525aa183b3ab11983ffd8fdc6527dc978",
              "evidence": "both"
            }
          ]
        },
        {
          "id": "context:consul.context.ownership:representation%3A1%3Aconsul_namespace.first:representation%3A1%3Aconsul_admin_partition.first",
          "from": "representation:1:consul_namespace.first",
          "to": "representation:1:consul_admin_partition.first",
          "dimension": "consul.context.ownership",
          "provenance": [
            {
              "emission": "emission:058a124a0f43f3e277437a9c6b4f3d79e9f1fc436934c104e6acda7354dad578",
              "rule": "consul.rule.namespace",
              "closure": "closure:representation%3A1%3Aconsul_namespace.first:emission%3A058a124a0f43f3e277437a9c6b4f3d79e9f1fc436934c104e6acda7354dad578",
              "evidence": "both"
            }
          ]
        },
        {
          "id": "context:consul.context.ownership:representation%3A1%3Aconsul_namespace.second:representation%3A1%3Aconsul_admin_partition.second",
          "from": "representation:1:consul_namespace.second",
          "to": "representation:1:consul_admin_partition.second",
          "dimension": "consul.context.ownership",
          "provenance": [
            {
              "emission": "emission:058a124a0f43f3e277437a9c6b4f3d79e9f1fc436934c104e6acda7354dad578",
              "rule": "consul.rule.namespace",
              "closure": "closure:representation%3A1%3Aconsul_namespace.second:emission%3A058a124a0f43f3e277437a9c6b4f3d79e9f1fc436934c104e6acda7354dad578",
              "evidence": "both"
            }
          ]
        },
        {
          "id": "context:consul.context.ownership:representation%3A1%3Aconsul_service.ambiguous:representation%3A1%3Aconsul_namespace.first",
          "from": "representation:1:consul_service.ambiguous",
          "to": "representation:1:consul_namespace.first",
          "dimension": "consul.context.ownership",
          "provenance": [
            {
              "emission": "emission:5c3dd2166ab5b88384f33368b86bb83fdf8fefdf652590e2974e181d8243d2a2",
              "rule": "consul.rule.service",
              "closure": "closure:representation%3A1%3Aconsul_service.ambiguous:emission%3A5c3dd2166ab5b88384f33368b86bb83fdf8fefdf652590e2974e181d8243d2a2",
              "evidence": "value"
            }
          ]
        },
        {
          "id": "context:consul.context.ownership:representation%3A1%3Aconsul_service.literal:representation%3A1%3Aconsul_namespace.first",
          "from": "representation:1:consul_service.literal",
          "to": "representation:1:consul_namespace.first",
          "dimension": "consul.context.ownership",
          "provenance": [
            {
              "emission": "emission:5c3dd2166ab5b88384f33368b86bb83fdf8fefdf652590e2974e181d8243d2a2",
              "rule": "consul.rule.service",
              "closure": "closure:representation%3A1%3Aconsul_service.literal:emission%3A5c3dd2166ab5b88384f33368b86bb83fdf8fefdf652590e2974e181d8243d2a2",
              "evidence": "value"
            }
          ]
        },
        {
          "id": "context:rf.context.runtime:representation%3A1%3Aconsul_service.ambiguous:representation%3A1%3Aconsul_node.first",
          "from": "representation:1:consul_service.ambiguous",
          "to": "representation:1:consul_node.first",
          "dimension": "rf.context.runtime",
          "provenance": [
            {
              "emission": "emission:e721e3d2905287b2291bace9c9a094df239e012dd350cfeb86a582c196d5b51b",
              "rule": "consul.rule.service",
              "closure": "closure:representation%3A1%3Aconsul_service.ambiguous:emission%3Ae721e3d2905287b2291bace9c9a094df239e012dd350cfeb86a582c196d5b51b",
              "evidence": "value"
            }
          ]
        },
        {
          "id": "context:rf.context.runtime:representation%3A1%3Aconsul_service.literal:representation%3A1%3Aconsul_node.first",
          "from": "representation:1:consul_service.literal",
          "to": "representation:1:consul_node.first",
          "dimension": "rf.context.runtime",
          "provenance": [
            {
              "emission": "emission:e721e3d2905287b2291bace9c9a094df239e012dd350cfeb86a582c196d5b51b",
              "rule": "consul.rule.service",
              "closure": "closure:representation%3A1%3Aconsul_service.literal:emission%3Ae721e3d2905287b2291bace9c9a094df239e012dd350cfeb86a582c196d5b51b",
              "evidence": "value"
            }
          ]
        }
      ],
      "contributions": [
        {
          "id": "contribution:representation%3A1%3Aconsul_acl_binding_rule.ambiguous:representation%3A1%3Aconsul_acl_auth_method.first",
          "from": "representation:1:consul_acl_binding_rule.ambiguous",
          "to": "representation:1:consul_acl_auth_method.first",
          "provenance": [
            {
              "emission": "emission:1d4653de173ff2d91dd72f131fd42351587f64254da723c8fb765fa965f1a005",
              "rule": "consul.rule.acl-binding-rule",
              "closure": "closure:representation%3A1%3Aconsul_acl_binding_rule.ambiguous:emission%3A1d4653de173ff2d91dd72f131fd42351587f64254da723c8fb765fa965f1a005",
              "evidence": "value"
            }
          ]
        },
        {
          "id": "contribution:representation%3A1%3Aconsul_acl_binding_rule.literal:representation%3A1%3Aconsul_acl_auth_method.first",
          "from": "representation:1:consul_acl_binding_rule.literal",
          "to": "representation:1:consul_acl_auth_method.first",
          "provenance": [
            {
              "emission": "emission:1d4653de173ff2d91dd72f131fd42351587f64254da723c8fb765fa965f1a005",
              "rule": "consul.rule.acl-binding-rule",
              "closure": "closure:representation%3A1%3Aconsul_acl_binding_rule.literal:emission%3A1d4653de173ff2d91dd72f131fd42351587f64254da723c8fb765fa965f1a005",
              "evidence": "value"
            }
          ]
        }
      ],
      "relations": [],
      "closures": [
        {
          "id": "closure:representation%3A1%3Aconsul_acl_auth_method.first:emission%3Aea734f3116ec80322591c3e4f45fc47525aa183b3ab11983ffd8fdc6527dc978",
          "representation": "representation:1:consul_acl_auth_method.first",
          "emission": "emission:ea734f3116ec80322591c3e4f45fc47525aa183b3ab11983ffd8fdc6527dc978",
          "outcome": "resolved",
          "facts": [
            "context:consul.context.ownership:representation%3A1%3Aconsul_acl_auth_method.first:representation%3A1%3Aconsul_namespace.first"
          ],
          "candidates": {
            "known_equal": 1,
            "unknown": 0,
            "excluded": 1
          }
        },
        {
          "id": "closure:representation%3A1%3Aconsul_acl_auth_method.second:emission%3Aea734f3116ec80322591c3e4f45fc47525aa183b3ab11983ffd8fdc6527dc978",
          "representation": "representation:1:consul_acl_auth_method.second",
          "emission": "emission:ea734f3116ec80322591c3e4f45fc47525aa183b3ab11983ffd8fdc6527dc978",
          "outcome": "resolved",
          "facts": [
            "context:consul.context.ownership:representation%3A1%3Aconsul_acl_auth_method.second:representation%3A1%3Aconsul_namespace.second"
          ],
          "candidates": {
            "known_equal": 1,
            "unknown": 0,
            "excluded": 1
          }
        },
        {
          "id": "closure:representation%3A1%3Aconsul_acl_binding_rule.ambiguous:emission%3A1d4653de173ff2d91dd72f131fd42351587f64254da723c8fb765fa965f1a005",
          "representation": "representation:1:consul_acl_binding_rule.ambiguous",
          "emission": "emission:1d4653de173ff2d91dd72f131fd42351587f64254da723c8fb765fa965f1a005",
          "outcome": "resolved",
          "facts": [
            "contribution:representation%3A1%3Aconsul_acl_binding_rule.ambiguous:representation%3A1%3Aconsul_acl_auth_method.first"
          ],
          "candidates": {
            "known_equal": 1,
            "unknown": 0,
            "excluded": 1
          }
        },
        {
          "id": "closure:representation%3A1%3Aconsul_acl_binding_rule.literal:emission%3A1d4653de173ff2d91dd72f131fd42351587f64254da723c8fb765fa965f1a005",
          "representation": "representation:1:consul_acl_binding_rule.literal",
          "emission": "emission:1d4653de173ff2d91dd72f131fd42351587f64254da723c8fb765fa965f1a005",
          "outcome": "resolved",
          "facts": [
            "contribution:representation%3A1%3Aconsul_acl_binding_rule.literal:representation%3A1%3Aconsul_acl_auth_method.first"
          ],
          "candidates": {
            "known_equal": 1,
            "unknown": 0,
            "excluded": 1
          }
        },
        {
          "id": "closure:representation%3A1%3Aconsul_acl_binding_rule.mismatch:emission%3A1d4653de173ff2d91dd72f131fd42351587f64254da723c8fb765fa965f1a005",
          "representation": "representation:1:consul_acl_binding_rule.mismatch",
          "emission": "emission:1d4653de173ff2d91dd72f131fd42351587f64254da723c8fb765fa965f1a005",
          "outcome": "indeterminate",
          "reason": "unknown_until_apply",
          "facts": [],
          "candidates": {
            "known_equal": 0,
            "unknown": 0,
            "excluded": 0
          }
        },
        {
          "id": "closure:representation%3A1%3Aconsul_namespace.first:emission%3A058a124a0f43f3e277437a9c6b4f3d79e9f1fc436934c104e6acda7354dad578",
          "representation": "representation:1:consul_namespace.first",
          "emission": "emission:058a124a0f43f3e277437a9c6b4f3d79e9f1fc436934c104e6acda7354dad578",
          "outcome": "resolved",
          "facts": [
            "context:consul.context.ownership:representation%3A1%3Aconsul_namespace.first:representation%3A1%3Aconsul_admin_partition.first"
          ],
          "candidates": {
            "known_equal": 1,
            "unknown": 0,
            "excluded": 1
          }
        },
        {
          "id": "closure:representation%3A1%3Aconsul_namespace.second:emission%3A058a124a0f43f3e277437a9c6b4f3d79e9f1fc436934c104e6acda7354dad578",
          "representation": "representation:1:consul_namespace.second",
          "emission": "emission:058a124a0f43f3e277437a9c6b4f3d79e9f1fc436934c104e6acda7354dad578",
          "outcome": "resolved",
          "facts": [
            "context:consul.context.ownership:representation%3A1%3Aconsul_namespace.second:representation%3A1%3Aconsul_admin_partition.second"
          ],
          "candidates": {
            "known_equal": 1,
            "unknown": 0,
            "excluded": 1
          }
        },
        {
          "id": "closure:representation%3A1%3Aconsul_service.ambiguous:emission%3A5c3dd2166ab5b88384f33368b86bb83fdf8fefdf652590e2974e181d8243d2a2",
          "representation": "representation:1:consul_service.ambiguous",
          "emission": "emission:5c3dd2166ab5b88384f33368b86bb83fdf8fefdf652590e2974e181d8243d2a2",
          "outcome": "resolved",
          "facts": [
            "context:consul.context.ownership:representation%3A1%3Aconsul_service.ambiguous:representation%3A1%3Aconsul_namespace.first"
          ],
          "candidates": {
            "known_equal": 1,
            "unknown": 0,
            "excluded": 1
          }
        },
        {
          "id": "closure:representation%3A1%3Aconsul_service.ambiguous:emission%3Ae721e3d2905287b2291bace9c9a094df239e012dd350cfeb86a582c196d5b51b",
          "representation": "representation:1:consul_service.ambiguous",
          "emission": "emission:e721e3d2905287b2291bace9c9a094df239e012dd350cfeb86a582c196d5b51b",
          "outcome": "resolved",
          "facts": [
            "context:rf.context.runtime:representation%3A1%3Aconsul_service.ambiguous:representation%3A1%3Aconsul_node.first"
          ],
          "candidates": {
            "known_equal": 1,
            "unknown": 0,
            "excluded": 1
          }
        },
        {
          "id": "closure:representation%3A1%3Aconsul_service.literal:emission%3A5c3dd2166ab5b88384f33368b86bb83fdf8fefdf652590e2974e181d8243d2a2",
          "representation": "representation:1:consul_service.literal",
          "emission": "emission:5c3dd2166ab5b88384f33368b86bb83fdf8fefdf652590e2974e181d8243d2a2",
          "outcome": "resolved",
          "facts": [
            "context:consul.context.ownership:representation%3A1%3Aconsul_service.literal:representation%3A1%3Aconsul_namespace.first"
          ],
          "candidates": {
            "known_equal": 1,
            "unknown": 0,
            "excluded": 1
          }
        },
        {
          "id": "closure:representation%3A1%3Aconsul_service.literal:emission%3Ae721e3d2905287b2291bace9c9a094df239e012dd350cfeb86a582c196d5b51b",
          "representation": "representation:1:consul_service.literal",
          "emission": "emission:e721e3d2905287b2291bace9c9a094df239e012dd350cfeb86a582c196d5b51b",
          "outcome": "resolved",
          "facts": [
            "context:rf.context.runtime:representation%3A1%3Aconsul_service.literal:representation%3A1%3Aconsul_node.first"
          ],
          "candidates": {
            "known_equal": 1,
            "unknown": 0,
            "excluded": 1
          }
        },
        {
          "id": "closure:representation%3A1%3Aconsul_service.mismatch:emission%3A5c3dd2166ab5b88384f33368b86bb83fdf8fefdf652590e2974e181d8243d2a2",
          "representation": "representation:1:consul_service.mismatch",
          "emission": "emission:5c3dd2166ab5b88384f33368b86bb83fdf8fefdf652590e2974e181d8243d2a2",
          "outcome": "indeterminate",
          "reason": "unknown_until_apply",
          "facts": [],
          "candidates": {
            "known_equal": 0,
            "unknown": 0,
            "excluded": 0
          }
        },
        {
          "id": "closure:representation%3A1%3Aconsul_service.mismatch:emission%3Ae721e3d2905287b2291bace9c9a094df239e012dd350cfeb86a582c196d5b51b",
          "representation": "representation:1:consul_service.mismatch",
          "emission": "emission:e721e3d2905287b2291bace9c9a094df239e012dd350cfeb86a582c196d5b51b",
          "outcome": "indeterminate",
          "reason": "unknown_until_apply",
          "facts": [],
          "candidates": {
            "known_equal": 0,
            "unknown": 0,
            "excluded": 0
          }
        }
      ],
      "dependencies": [
        {
          "id": "dependency:declaration%3A1%3Aconsul_acl_auth_method.first:declaration%3A1%3Aconsul_namespace.first",
          "from": "declaration:1:consul_acl_auth_method.first",
          "to": "declaration:1:consul_namespace.first",
          "roles": [
            "reference"
          ]
        },
        {
          "id": "dependency:declaration%3A1%3Aconsul_acl_auth_method.second:declaration%3A1%3Aconsul_namespace.second",
          "from": "declaration:1:consul_acl_auth_method.second",
          "to": "declaration:1:consul_namespace.second",
          "roles": [
            "reference"
          ]
        },
        {
          "id": "dependency:declaration%3A1%3Aconsul_acl_binding_rule.ambiguous:declaration%3A1%3Aconsul_acl_auth_method.first",
          "from": "declaration:1:consul_acl_binding_rule.ambiguous",
          "to": "declaration:1:consul_acl_auth_method.first",
          "roles": [
            "reference"
          ]
        },
        {
          "id": "dependency:declaration%3A1%3Aconsul_acl_binding_rule.ambiguous:declaration%3A1%3Aconsul_acl_auth_method.second",
          "from": "declaration:1:consul_acl_binding_rule.ambiguous",
          "to": "declaration:1:consul_acl_auth_method.second",
          "roles": [
            "reference"
          ]
        },
        {
          "id": "dependency:declaration%3A1%3Aconsul_acl_binding_rule.literal:declaration%3A1%3Aconsul_acl_auth_method.first",
          "from": "declaration:1:consul_acl_binding_rule.literal",
          "to": "declaration:1:consul_acl_auth_method.first",
          "roles": [
            "depends_on"
          ]
        },
        {
          "id": "dependency:declaration%3A1%3Aconsul_acl_binding_rule.mismatch:declaration%3A1%3Aaws_vpc.mismatch",
          "from": "declaration:1:consul_acl_binding_rule.mismatch",
          "to": "declaration:1:aws_vpc.mismatch",
          "roles": [
            "reference"
          ]
        },
        {
          "id": "dependency:declaration%3A1%3Aconsul_namespace.first:declaration%3A1%3Aconsul_admin_partition.first",
          "from": "declaration:1:consul_namespace.first",
          "to": "declaration:1:consul_admin_partition.first",
          "roles": [
            "reference"
          ]
        },
        {
          "id": "dependency:declaration%3A1%3Aconsul_namespace.second:declaration%3A1%3Aconsul_admin_partition.second",
          "from": "declaration:1:consul_namespace.second",
          "to": "declaration:1:consul_admin_partition.second",
          "roles": [
            "reference"
          ]
        },
        {
          "id": "dependency:declaration%3A1%3Aconsul_service.ambiguous:declaration%3A1%3Aconsul_namespace.first",
          "from": "declaration:1:consul_service.ambiguous",
          "to": "declaration:1:consul_namespace.first",
          "roles": [
            "reference"
          ]
        },
        {
          "id": "dependency:declaration%3A1%3Aconsul_service.ambiguous:declaration%3A1%3Aconsul_namespace.second",
          "from": "declaration:1:consul_service.ambiguous",
          "to": "declaration:1:consul_namespace.second",
          "roles": [
            "reference"
          ]
        },
        {
          "id": "dependency:declaration%3A1%3Aconsul_service.ambiguous:declaration%3A1%3Aconsul_node.first",
          "from": "declaration:1:consul_service.ambiguous",
          "to": "declaration:1:consul_node.first",
          "roles": [
            "reference"
          ]
        },
        {
          "id": "dependency:declaration%3A1%3Aconsul_service.ambiguous:declaration%3A1%3Aconsul_node.second",
          "from": "declaration:1:consul_service.ambiguous",
          "to": "declaration:1:consul_node.second",
          "roles": [
            "reference"
          ]
        },
        {
          "id": "dependency:declaration%3A1%3Aconsul_service.literal:declaration%3A1%3Aconsul_namespace.first",
          "from": "declaration:1:consul_service.literal",
          "to": "declaration:1:consul_namespace.first",
          "roles": [
            "depends_on"
          ]
        },
        {
          "id": "dependency:declaration%3A1%3Aconsul_service.literal:declaration%3A1%3Aconsul_node.first",
          "from": "declaration:1:consul_service.literal",
          "to": "declaration:1:consul_node.first",
          "roles": [
            "depends_on"
          ]
        },
        {
          "id": "dependency:declaration%3A1%3Aconsul_service.mismatch:declaration%3A1%3Aaws_vpc.mismatch",
          "from": "declaration:1:consul_service.mismatch",
          "to": "declaration:1:aws_vpc.mismatch",
          "roles": [
            "reference"
          ]
        }
      ],
      "deposed": [],
      "accounting": {
        "declarations": 20,
        "resources": 20,
        "data_sources": 0,
        "instances": 20,
        "managed_instances": 20,
        "data_instances": 0,
        "external_endpoints": 0,
        "carried": 0,
        "deferred": 0,
        "applied_interpretations": 15,
        "indeterminate_interpretations": 0,
        "failed_interpretations": 0,
        "uninterpreted_instances": 5,
        "facts": 10,
        "closures": 13,
        "resolved": 10,
        "absent": 0,
        "indeterminate": 3,
        "dependencies": 15,
        "deposed": 0
      }
    }
  },
  "default_stage": "planned",
  "comparisons": {},
  "drift_report": {
    "entries": [],
    "summary": "No drift reported in this plan"
  },
  "diagnostics": []
}
