{
  "format_version": "1",
  "kind": "plan",
  "generator": {
    "name": "rootform",
    "version": "0.1.0"
  },
  "evidence": {
    "origin": "plan",
    "input_format_version": "1.2",
    "producer": {
      "tool": "unestablished",
      "reported_version": "1.16.4",
      "hints": [
        "registry.terraform.io"
      ]
    },
    "completeness": {
      "producer_complete": "true",
      "attested_complete": false
    },
    "enrichment": {
      "snapshot": {
        "status": "verified",
        "trust": "paired",
        "modules": 1
      }
    },
    "attestations": [],
    "scope": {
      "refresh_scope": "not_exported",
      "drift_records": "absent",
      "data_sources_covered_by_drift": false,
      "deposed_covered_by_drift": false
    }
  },
  "semantics": {
    "language_version": "1",
    "release_set": {
      "id": "release-set:bc9adbac048bc8b7e51694399bd941faf5947604eda9505281eecc65fec9c2c3",
      "version": "0.1.0",
      "manifest_digest": "sha256:bc9adbac048bc8b7e51694399bd941faf5947604eda9505281eecc65fec9c2c3",
      "units": [
        {
          "owner": "auth0",
          "kind": "dialect",
          "version": "0.1.0",
          "content_digest": "sha256:9eee084a63143fba4bfca319613ca9358a6701f05a33ae738253a4db4618ffe1",
          "semantic_digest": "sha256:1a7390f510ec2496c37bc9249c5817b599fc3a6d9ff58a1b5cb6b33c46c57949"
        },
        {
          "owner": "aws",
          "kind": "dialect",
          "version": "0.1.0",
          "content_digest": "sha256:ccd02492322d61af43f2ceb6e9075c44ab008b44b5c625fd1a9327db6fa83010",
          "semantic_digest": "sha256:1b4b531e432061630f49851bab84275abbcf526ad233c43fd56c70644285348c"
        },
        {
          "owner": "azure",
          "kind": "dialect",
          "version": "0.1.0",
          "content_digest": "sha256:5325ea2db93440f67c726119f85a89a17285f41d7c88e2017889a750e4d4d863",
          "semantic_digest": "sha256:e47c740080bb3ad10bdf45c3efe13164a2c691c7a3133d48c025336f4fe5e663"
        },
        {
          "owner": "cloudflare",
          "kind": "dialect",
          "version": "0.1.0",
          "content_digest": "sha256:0ae59e8ecac75eeb0ba1738630791de167b92cd7193b18d4bf8d26f0a38c0ca9",
          "semantic_digest": "sha256:b43b77be534bc1abca4d4bf9df035608ff4e13b2b29d7f55c51c98969e4abcbb"
        },
        {
          "owner": "confluent",
          "kind": "dialect",
          "version": "0.1.0",
          "content_digest": "sha256:ca6e821352dd72e3f8673378fc5f4fb9dcb2ee0420c096167bd5acc9c253d74d",
          "semantic_digest": "sha256:259507d5dbb4ab205ff2bbb0bc5df257e63ccb98d0dadb4f9dd11128b78d826b"
        },
        {
          "owner": "consul",
          "kind": "dialect",
          "version": "0.1.0",
          "content_digest": "sha256:4094b9c0259e841335b31330a8f0b543566967d5a0e84b6fbaac867d244ff9a3",
          "semantic_digest": "sha256:b76c8ebe91f98e259d8496702e6ad89edc71a0371afac360fa1f53362ed23cad"
        },
        {
          "owner": "databricks",
          "kind": "dialect",
          "version": "0.1.0",
          "content_digest": "sha256:2d1d01064543f6cfd36510ee0e09113b8134e5d537c0ab47a2f6ca97d942c5df",
          "semantic_digest": "sha256:ef4a38517aa3d20479be601ea1a79c51eb7b5f71bbaa406407318bd51d6cf9bb"
        },
        {
          "owner": "datadog",
          "kind": "dialect",
          "version": "0.1.0",
          "content_digest": "sha256:e738691316e6bf54110237e8abef06e80cb58838bddecb29b888f50c686d8bcd",
          "semantic_digest": "sha256:41d10191b7bba0a9ff8511a802172635f2afb81d536b55fb767f454e4f778129"
        },
        {
          "owner": "google",
          "kind": "dialect",
          "version": "0.1.0",
          "content_digest": "sha256:0caf0ce2297bed1fc68af001b4f3da2d5c97ebd9223d8e4a596add8466b17d86",
          "semantic_digest": "sha256:9480311ec450af29838cdd48c626032d496dad1fa814db651a9159fcccd55917"
        },
        {
          "owner": "grafana",
          "kind": "dialect",
          "version": "0.1.0",
          "content_digest": "sha256:4dc88a08552555bcfbc5986fbaa618fa234e49c97d0f049c2f79ccf6ee843756",
          "semantic_digest": "sha256:f2bae3da1e32fe12ad403f2ae8618ecc7d808f26650084fdc140e5e886b1bde1"
        },
        {
          "owner": "hcp",
          "kind": "dialect",
          "version": "0.1.0",
          "content_digest": "sha256:e35be0dc422fc6e26a5980e10ffbd1beea8b280b4eaf4a5bf610bf1b67a3a993",
          "semantic_digest": "sha256:629912e0dd22c0c3dd80c0c5db571b2949625b306da52a823c20dff4b07b3119"
        },
        {
          "owner": "kestra",
          "kind": "dialect",
          "version": "0.1.0",
          "content_digest": "sha256:6b0ddca1674fa7c1cd77773b13339cd1dccbcc6fc283a0cf5c4652c1f4e1ef4a",
          "semantic_digest": "sha256:4b0591ab0f416c6b33746dd39799eb031e7f2bb4407830ddd39eb5b0462e0b0f"
        },
        {
          "owner": "kubernetes",
          "kind": "dialect",
          "version": "0.1.0",
          "content_digest": "sha256:ec4e4919d9c23e7deaa9be5627b0eeff8215100ac0ec8623dbc2c50827f0d635",
          "semantic_digest": "sha256:69308a0333bdd366b22b23d60f0b28cb40071fd812e126bbdd293d532ca69d6b"
        },
        {
          "owner": "mongodb-atlas",
          "kind": "dialect",
          "version": "0.1.0",
          "content_digest": "sha256:b8d3c04aa823e5480ad305e54f42eb312a721a9a19a5edcf7019d43b94d14895",
          "semantic_digest": "sha256:7e756d96f8793ee076095ef46d7fca102bd238852790f00fcc6d096b11462b67"
        },
        {
          "owner": "newrelic",
          "kind": "dialect",
          "version": "0.1.0",
          "content_digest": "sha256:e2e3f23599f72182bcd976692133e65b067a40129f8fd8768c03be3004462c1d",
          "semantic_digest": "sha256:5e932f3a168c07047040df16e72e94dfb111b554816200bc11e1d25d5f325802"
        },
        {
          "owner": "okta",
          "kind": "dialect",
          "version": "0.1.0",
          "content_digest": "sha256:0455861eb29ab6b80d446c9da591e018f892fb70d607d45a4368c6fa7b17d9fd",
          "semantic_digest": "sha256:900ad252631e91b2051ad3b19c6ec15b7c6c8e34e0eed2819be5668d3e6ed1c8"
        },
        {
          "owner": "rf",
          "kind": "vocabulary",
          "version": "0.1.0",
          "content_digest": "sha256:cab0d0c0283c2b5a4a689d9bbda36a09d439ca6d46db78f4fadfb1c7fd6849c5",
          "semantic_digest": "sha256:cab0d0c0283c2b5a4a689d9bbda36a09d439ca6d46db78f4fadfb1c7fd6849c5"
        },
        {
          "owner": "secrets",
          "kind": "dialect",
          "version": "0.1.0",
          "content_digest": "sha256:866a25eefffe767181d3edef3382b7219137d1049f9b9275af0fefe595892c12",
          "semantic_digest": "sha256:95d5b00591b87cc9e530b5d539f580f43ed17919eb29eef05e96d54625c0983e"
        },
        {
          "owner": "snowflake",
          "kind": "dialect",
          "version": "0.1.0",
          "content_digest": "sha256:98f106e47db09ed898ab5119ad0acfa66770322c8a9047e302e58c1e18144a1c",
          "semantic_digest": "sha256:1590159f7dba1e322e840b89e7f591ef5558e0877b884cf22bdce6e5393af510"
        },
        {
          "owner": "vault",
          "kind": "dialect",
          "version": "0.1.0",
          "content_digest": "sha256:908d55f1f2689e111f2ec7540999d73a2697da9f9f2cf0b4491f12a42f10d178",
          "semantic_digest": "sha256:48f428f93b364f042f77a2d46649d0d3cef147f667cca72a3568bd9f13c6c936"
        }
      ]
    },
    "selection": {
      "active_owners": [
        "auth0",
        "aws",
        "azure",
        "cloudflare",
        "confluent",
        "consul",
        "databricks",
        "datadog",
        "google",
        "grafana",
        "hcp",
        "kestra",
        "kubernetes",
        "mongodb-atlas",
        "newrelic",
        "okta",
        "rf",
        "secrets",
        "snowflake",
        "vault"
      ],
      "excluded_owners": [],
      "replacements": [],
      "provider_map": []
    },
    "owners": [
      {
        "id": "auth0",
        "kind": "dialect",
        "origin": "supplied",
        "version": "0.1.0",
        "content_digest": "sha256:9eee084a63143fba4bfca319613ca9358a6701f05a33ae738253a4db4618ffe1",
        "semantic_digest": "sha256:1a7390f510ec2496c37bc9249c5817b599fc3a6d9ff58a1b5cb6b33c46c57949",
        "providers": [
          {
            "source": "auth0/auth0",
            "version": "= 1.56.0",
            "hosts": [
              "registry.opentofu.org",
              "registry.terraform.io"
            ]
          }
        ],
        "dependencies": []
      },
      {
        "id": "aws",
        "kind": "dialect",
        "origin": "supplied",
        "version": "0.1.0",
        "content_digest": "sha256:ccd02492322d61af43f2ceb6e9075c44ab008b44b5c625fd1a9327db6fa83010",
        "semantic_digest": "sha256:1b4b531e432061630f49851bab84275abbcf526ad233c43fd56c70644285348c",
        "providers": [
          {
            "source": "hashicorp/aws",
            "version": "= 6.62.0",
            "hosts": [
              "registry.opentofu.org",
              "registry.terraform.io"
            ]
          }
        ],
        "dependencies": [
          "rf"
        ]
      },
      {
        "id": "azure",
        "kind": "dialect",
        "origin": "supplied",
        "version": "0.1.0",
        "content_digest": "sha256:5325ea2db93440f67c726119f85a89a17285f41d7c88e2017889a750e4d4d863",
        "semantic_digest": "sha256:e47c740080bb3ad10bdf45c3efe13164a2c691c7a3133d48c025336f4fe5e663",
        "providers": [
          {
            "source": "azure/azapi",
            "version": "= 2.12.0",
            "hosts": [
              "registry.opentofu.org",
              "registry.terraform.io"
            ]
          },
          {
            "source": "hashicorp/azuread",
            "version": "= 3.9.0",
            "hosts": [
              "registry.opentofu.org",
              "registry.terraform.io"
            ]
          },
          {
            "source": "hashicorp/azurerm",
            "version": "= 5.3.0",
            "hosts": [
              "registry.opentofu.org",
              "registry.terraform.io"
            ]
          }
        ],
        "dependencies": [
          "rf"
        ]
      },
      {
        "id": "cloudflare",
        "kind": "dialect",
        "origin": "supplied",
        "version": "0.1.0",
        "content_digest": "sha256:0ae59e8ecac75eeb0ba1738630791de167b92cd7193b18d4bf8d26f0a38c0ca9",
        "semantic_digest": "sha256:b43b77be534bc1abca4d4bf9df035608ff4e13b2b29d7f55c51c98969e4abcbb",
        "providers": [
          {
            "source": "cloudflare/cloudflare",
            "version": "= 5.24.0",
            "hosts": [
              "registry.opentofu.org",
              "registry.terraform.io"
            ]
          }
        ],
        "dependencies": [
          "rf"
        ]
      },
      {
        "id": "confluent",
        "kind": "dialect",
        "origin": "supplied",
        "version": "0.1.0",
        "content_digest": "sha256:ca6e821352dd72e3f8673378fc5f4fb9dcb2ee0420c096167bd5acc9c253d74d",
        "semantic_digest": "sha256:259507d5dbb4ab205ff2bbb0bc5df257e63ccb98d0dadb4f9dd11128b78d826b",
        "providers": [
          {
            "source": "confluentinc/confluent",
            "version": "= 2.83.0",
            "hosts": [
              "registry.opentofu.org",
              "registry.terraform.io"
            ]
          }
        ],
        "dependencies": [
          "rf"
        ]
      },
      {
        "id": "consul",
        "kind": "dialect",
        "origin": "supplied",
        "version": "0.1.0",
        "content_digest": "sha256:4094b9c0259e841335b31330a8f0b543566967d5a0e84b6fbaac867d244ff9a3",
        "semantic_digest": "sha256:b76c8ebe91f98e259d8496702e6ad89edc71a0371afac360fa1f53362ed23cad",
        "providers": [
          {
            "source": "hashicorp/consul",
            "version": "= 2.23.0",
            "hosts": [
              "registry.opentofu.org",
              "registry.terraform.io"
            ]
          }
        ],
        "dependencies": [
          "rf"
        ]
      },
      {
        "id": "databricks",
        "kind": "dialect",
        "origin": "supplied",
        "version": "0.1.0",
        "content_digest": "sha256:2d1d01064543f6cfd36510ee0e09113b8134e5d537c0ab47a2f6ca97d942c5df",
        "semantic_digest": "sha256:ef4a38517aa3d20479be601ea1a79c51eb7b5f71bbaa406407318bd51d6cf9bb",
        "providers": [
          {
            "source": "databricks/databricks",
            "version": "= 1.129.0",
            "hosts": [
              "registry.opentofu.org",
              "registry.terraform.io"
            ]
          }
        ],
        "dependencies": [
          "rf"
        ]
      },
      {
        "id": "datadog",
        "kind": "dialect",
        "origin": "supplied",
        "version": "0.1.0",
        "content_digest": "sha256:e738691316e6bf54110237e8abef06e80cb58838bddecb29b888f50c686d8bcd",
        "semantic_digest": "sha256:41d10191b7bba0a9ff8511a802172635f2afb81d536b55fb767f454e4f778129",
        "providers": [
          {
            "source": "datadog/datadog",
            "version": "= 4.19.0",
            "hosts": [
              "registry.opentofu.org",
              "registry.terraform.io"
            ]
          }
        ],
        "dependencies": []
      },
      {
        "id": "google",
        "kind": "dialect",
        "origin": "supplied",
        "version": "0.1.0",
        "content_digest": "sha256:0caf0ce2297bed1fc68af001b4f3da2d5c97ebd9223d8e4a596add8466b17d86",
        "semantic_digest": "sha256:9480311ec450af29838cdd48c626032d496dad1fa814db651a9159fcccd55917",
        "providers": [
          {
            "source": "hashicorp/google",
            "version": "= 8.0.0",
            "hosts": [
              "registry.opentofu.org",
              "registry.terraform.io"
            ]
          },
          {
            "source": "hashicorp/google-beta",
            "version": "= 8.0.0",
            "hosts": [
              "registry.opentofu.org",
              "registry.terraform.io"
            ]
          }
        ],
        "dependencies": [
          "rf"
        ]
      },
      {
        "id": "grafana",
        "kind": "dialect",
        "origin": "supplied",
        "version": "0.1.0",
        "content_digest": "sha256:4dc88a08552555bcfbc5986fbaa618fa234e49c97d0f049c2f79ccf6ee843756",
        "semantic_digest": "sha256:f2bae3da1e32fe12ad403f2ae8618ecc7d808f26650084fdc140e5e886b1bde1",
        "providers": [
          {
            "source": "grafana/grafana",
            "version": "= 4.45.2",
            "hosts": [
              "registry.opentofu.org",
              "registry.terraform.io"
            ]
          }
        ],
        "dependencies": [
          "rf"
        ]
      },
      {
        "id": "hcp",
        "kind": "dialect",
        "origin": "supplied",
        "version": "0.1.0",
        "content_digest": "sha256:e35be0dc422fc6e26a5980e10ffbd1beea8b280b4eaf4a5bf610bf1b67a3a993",
        "semantic_digest": "sha256:629912e0dd22c0c3dd80c0c5db571b2949625b306da52a823c20dff4b07b3119",
        "providers": [
          {
            "source": "hashicorp/hcp",
            "version": "= 0.114.0",
            "hosts": [
              "registry.opentofu.org",
              "registry.terraform.io"
            ]
          }
        ],
        "dependencies": [
          "rf"
        ]
      },
      {
        "id": "kestra",
        "kind": "dialect",
        "origin": "supplied",
        "version": "0.1.0",
        "content_digest": "sha256:6b0ddca1674fa7c1cd77773b13339cd1dccbcc6fc283a0cf5c4652c1f4e1ef4a",
        "semantic_digest": "sha256:4b0591ab0f416c6b33746dd39799eb031e7f2bb4407830ddd39eb5b0462e0b0f",
        "providers": [
          {
            "source": "kestra-io/kestra",
            "version": "< 1.0.0, >= 0.15.0",
            "hosts": [
              "registry.opentofu.org",
              "registry.terraform.io"
            ]
          }
        ],
        "dependencies": []
      },
      {
        "id": "kubernetes",
        "kind": "dialect",
        "origin": "supplied",
        "version": "0.1.0",
        "content_digest": "sha256:ec4e4919d9c23e7deaa9be5627b0eeff8215100ac0ec8623dbc2c50827f0d635",
        "semantic_digest": "sha256:69308a0333bdd366b22b23d60f0b28cb40071fd812e126bbdd293d532ca69d6b",
        "providers": [
          {
            "source": "hashicorp/kubernetes",
            "version": "< 3.0.0, >= 2.0.0",
            "hosts": [
              "registry.opentofu.org",
              "registry.terraform.io"
            ]
          }
        ],
        "dependencies": [
          "rf"
        ]
      },
      {
        "id": "mongodb-atlas",
        "kind": "dialect",
        "origin": "supplied",
        "version": "0.1.0",
        "content_digest": "sha256:b8d3c04aa823e5480ad305e54f42eb312a721a9a19a5edcf7019d43b94d14895",
        "semantic_digest": "sha256:7e756d96f8793ee076095ef46d7fca102bd238852790f00fcc6d096b11462b67",
        "providers": [
          {
            "source": "mongodb/mongodbatlas",
            "version": "= 2.16.0",
            "hosts": [
              "registry.opentofu.org",
              "registry.terraform.io"
            ]
          }
        ],
        "dependencies": [
          "rf"
        ]
      },
      {
        "id": "newrelic",
        "kind": "dialect",
        "origin": "supplied",
        "version": "0.1.0",
        "content_digest": "sha256:e2e3f23599f72182bcd976692133e65b067a40129f8fd8768c03be3004462c1d",
        "semantic_digest": "sha256:5e932f3a168c07047040df16e72e94dfb111b554816200bc11e1d25d5f325802",
        "providers": [
          {
            "source": "newrelic/newrelic",
            "version": "= 3.96.4",
            "hosts": [
              "registry.opentofu.org",
              "registry.terraform.io"
            ]
          }
        ],
        "dependencies": [
          "rf"
        ]
      },
      {
        "id": "okta",
        "kind": "dialect",
        "origin": "supplied",
        "version": "0.1.0",
        "content_digest": "sha256:0455861eb29ab6b80d446c9da591e018f892fb70d607d45a4368c6fa7b17d9fd",
        "semantic_digest": "sha256:900ad252631e91b2051ad3b19c6ec15b7c6c8e34e0eed2819be5668d3e6ed1c8",
        "providers": [
          {
            "source": "okta/okta",
            "version": "= 7.0.0",
            "hosts": [
              "registry.opentofu.org",
              "registry.terraform.io"
            ]
          }
        ],
        "dependencies": []
      },
      {
        "id": "rf",
        "kind": "vocabulary",
        "origin": "supplied",
        "version": "0.1.0",
        "content_digest": "sha256:cab0d0c0283c2b5a4a689d9bbda36a09d439ca6d46db78f4fadfb1c7fd6849c5",
        "semantic_digest": "sha256:cab0d0c0283c2b5a4a689d9bbda36a09d439ca6d46db78f4fadfb1c7fd6849c5",
        "providers": [],
        "dependencies": []
      },
      {
        "id": "secrets",
        "kind": "dialect",
        "origin": "supplied",
        "version": "0.1.0",
        "content_digest": "sha256:866a25eefffe767181d3edef3382b7219137d1049f9b9275af0fefe595892c12",
        "semantic_digest": "sha256:95d5b00591b87cc9e530b5d539f580f43ed17919eb29eef05e96d54625c0983e",
        "providers": [
          {
            "source": "hashicorp/random",
            "version": "< 4.0.0, >= 3.0.0",
            "hosts": [
              "registry.opentofu.org",
              "registry.terraform.io"
            ]
          }
        ],
        "dependencies": []
      },
      {
        "id": "snowflake",
        "kind": "dialect",
        "origin": "supplied",
        "version": "0.1.0",
        "content_digest": "sha256:98f106e47db09ed898ab5119ad0acfa66770322c8a9047e302e58c1e18144a1c",
        "semantic_digest": "sha256:1590159f7dba1e322e840b89e7f591ef5558e0877b884cf22bdce6e5393af510",
        "providers": [
          {
            "source": "snowflakedb/snowflake",
            "version": "= 2.20.0",
            "hosts": [
              "registry.opentofu.org",
              "registry.terraform.io"
            ]
          }
        ],
        "dependencies": [
          "rf"
        ]
      },
      {
        "id": "vault",
        "kind": "dialect",
        "origin": "supplied",
        "version": "0.1.0",
        "content_digest": "sha256:908d55f1f2689e111f2ec7540999d73a2697da9f9f2cf0b4491f12a42f10d178",
        "semantic_digest": "sha256:48f428f93b364f042f77a2d46649d0d3cef147f667cca72a3568bd9f13c6c936",
        "providers": [
          {
            "source": "hashicorp/vault",
            "version": "= 5.11.0",
            "hosts": [
              "registry.opentofu.org",
              "registry.terraform.io"
            ]
          }
        ],
        "dependencies": [
          "rf"
        ]
      }
    ],
    "concepts": [
      {
        "id": "aws.concept.iam-role",
        "owner": "aws",
        "name": "iam-role",
        "description": "An AWS IAM role, distinct from an explicitly non-human service principal."
      },
      {
        "id": "rf.concept.object-storage-container",
        "owner": "rf",
        "name": "object-storage-container",
        "description": "An object storage container, excluding multi-service storage accounts."
      },
      {
        "id": "vault.concept.namespace",
        "owner": "vault",
        "name": "namespace",
        "description": "An isolated Vault tenancy boundary for secrets, auth methods, identities, and policies."
      },
      {
        "id": "vault.concept.secret-definition",
        "owner": "vault",
        "name": "secret-definition",
        "description": "A managed Vault secret definition whose values remain outside architecture output."
      },
      {
        "id": "vault.concept.secret-read",
        "owner": "vault",
        "name": "secret-read",
        "description": "A read-only lookup of Vault secret material whose values remain outside architecture output."
      },
      {
        "id": "vault.concept.secrets-engine",
        "owner": "vault",
        "name": "secrets-engine",
        "description": "A mounted Vault secrets engine storing, generating, or transforming sensitive data."
      }
    ],
    "contexts": [
      {
        "id": "vault.context.ownership",
        "owner": "vault",
        "name": "ownership",
        "description": "Administrative or lifecycle ownership."
      }
    ],
    "relations": [],
    "rules": [
      {
        "id": "aws.rule.iam-role",
        "owner": "aws",
        "match_kind": "resource",
        "match_type": "aws_iam_role",
        "concept": "aws.concept.iam-role",
        "identity": {
          "attributes": [
            "name"
          ],
          "scope": "provider"
        },
        "endpoint": {
          "attributes": [
            "id",
            "name"
          ]
        },
        "emissions": []
      },
      {
        "id": "aws.rule.s3-bucket",
        "owner": "aws",
        "match_kind": "resource",
        "match_type": "aws_s3_bucket",
        "concept": "rf.concept.object-storage-container",
        "identity": {
          "attributes": [
            "bucket"
          ],
          "scope": "provider"
        },
        "endpoint": {
          "attributes": [
            "arn",
            "bucket",
            "id"
          ]
        },
        "emissions": []
      },
      {
        "id": "vault.rule.aws-secret-backend",
        "owner": "vault",
        "match_kind": "resource",
        "match_type": "vault_aws_secret_backend",
        "concept": "vault.concept.secrets-engine",
        "identity": {
          "attributes": [
            "path"
          ],
          "scope": "provider"
        },
        "endpoint": {
          "attributes": [
            "id",
            "path"
          ]
        },
        "emissions": [
          "emission:7a39627c23bfb725d3f54297e7a66e9714038b6af98ca142c395955f94579aaf"
        ]
      },
      {
        "id": "vault.rule.generic-secret",
        "owner": "vault",
        "match_kind": "resource",
        "match_type": "vault_generic_secret",
        "concept": "vault.concept.secret-definition",
        "emissions": []
      },
      {
        "id": "vault.rule.generic-secret-read",
        "owner": "vault",
        "match_kind": "data",
        "match_type": "vault_generic_secret",
        "concept": "vault.concept.secret-read",
        "emissions": []
      },
      {
        "id": "vault.rule.namespace",
        "owner": "vault",
        "match_kind": "resource",
        "match_type": "vault_namespace",
        "concept": "vault.concept.namespace",
        "identity": {
          "attributes": [
            "path"
          ],
          "scope": "provider"
        },
        "endpoint": {
          "attributes": [
            "id",
            "path"
          ]
        },
        "emissions": [
          "emission:0c28aac49f09d700b17a597318da44e8d5218b45b48dfc03832c4b5b330f4829"
        ]
      }
    ],
    "emissions": [
      {
        "id": "emission:0c28aac49f09d700b17a597318da44e8d5218b45b48dfc03832c4b5b330f4829",
        "rule": "vault.rule.namespace",
        "kind": "context",
        "to": {
          "kind": "concept",
          "id": "vault.concept.namespace"
        },
        "dimension": "vault.context.ownership",
        "via": "source.namespace",
        "match": {
          "by": [
            "path"
          ],
          "strategy": "exact"
        },
        "on_null": "absent",
        "on_empty": "absent",
        "external": "allow",
        "disclose": "none"
      },
      {
        "id": "emission:7a39627c23bfb725d3f54297e7a66e9714038b6af98ca142c395955f94579aaf",
        "rule": "vault.rule.aws-secret-backend",
        "kind": "context",
        "to": {
          "kind": "concept",
          "id": "vault.concept.namespace"
        },
        "dimension": "vault.context.ownership",
        "via": "source.namespace",
        "match": {
          "by": [
            "path"
          ],
          "strategy": "exact"
        },
        "on_null": "absent",
        "on_empty": "absent",
        "external": "allow",
        "disclose": "none"
      }
    ]
  },
  "stages": {
    "planned": {
      "stage": "planned",
      "label": "Planned",
      "declarations": [
        {
          "id": "declaration:1:aws_iam_role.first",
          "kind": "resource",
          "type": "aws_iam_role",
          "name": "first",
          "address": "aws_iam_role.first",
          "provider": {
            "address": "registry.terraform.io/hashicorp/aws",
            "alias": "",
            "alias_availability": "available"
          },
          "population": {
            "status": "observed",
            "instances": 1
          },
          "diagnostics": []
        },
        {
          "id": "declaration:1:aws_iam_role.second",
          "kind": "resource",
          "type": "aws_iam_role",
          "name": "second",
          "address": "aws_iam_role.second",
          "provider": {
            "address": "registry.terraform.io/hashicorp/aws",
            "alias": "",
            "alias_availability": "available"
          },
          "population": {
            "status": "observed",
            "instances": 1
          },
          "diagnostics": []
        },
        {
          "id": "declaration:1:aws_s3_bucket.mismatch",
          "kind": "resource",
          "type": "aws_s3_bucket",
          "name": "mismatch",
          "address": "aws_s3_bucket.mismatch",
          "provider": {
            "address": "registry.terraform.io/hashicorp/aws",
            "alias": "",
            "alias_availability": "available"
          },
          "population": {
            "status": "observed",
            "instances": 1
          },
          "diagnostics": []
        },
        {
          "id": "declaration:1:data.vault_generic_secret.payload",
          "kind": "data",
          "type": "vault_generic_secret",
          "name": "payload",
          "address": "data.vault_generic_secret.payload",
          "provider": {
            "address": "registry.terraform.io/hashicorp/vault",
            "alias": "",
            "alias_availability": "available"
          },
          "population": {
            "status": "observed",
            "instances": 1
          },
          "diagnostics": []
        },
        {
          "id": "declaration:1:terraform_data.defer_reads",
          "kind": "resource",
          "type": "terraform_data",
          "name": "defer_reads",
          "address": "terraform_data.defer_reads",
          "provider": {
            "address": "terraform.io/builtin/terraform",
            "alias": "",
            "alias_availability": "available"
          },
          "population": {
            "status": "observed",
            "instances": 1
          },
          "diagnostics": []
        },
        {
          "id": "declaration:1:terraform_data.kv_mount",
          "kind": "resource",
          "type": "terraform_data",
          "name": "kv_mount",
          "address": "terraform_data.kv_mount",
          "provider": {
            "address": "terraform.io/builtin/terraform",
            "alias": "",
            "alias_availability": "available"
          },
          "population": {
            "status": "observed",
            "instances": 1
          },
          "diagnostics": []
        },
        {
          "id": "declaration:1:vault_aws_secret_backend.ambiguous",
          "kind": "resource",
          "type": "vault_aws_secret_backend",
          "name": "ambiguous",
          "address": "vault_aws_secret_backend.ambiguous",
          "provider": {
            "address": "registry.terraform.io/hashicorp/vault",
            "alias": "",
            "alias_availability": "available"
          },
          "population": {
            "status": "observed",
            "instances": 1
          },
          "diagnostics": []
        },
        {
          "id": "declaration:1:vault_aws_secret_backend.literal",
          "kind": "resource",
          "type": "vault_aws_secret_backend",
          "name": "literal",
          "address": "vault_aws_secret_backend.literal",
          "provider": {
            "address": "registry.terraform.io/hashicorp/vault",
            "alias": "",
            "alias_availability": "available"
          },
          "population": {
            "status": "observed",
            "instances": 1
          },
          "diagnostics": []
        },
        {
          "id": "declaration:1:vault_aws_secret_backend.mismatch",
          "kind": "resource",
          "type": "vault_aws_secret_backend",
          "name": "mismatch",
          "address": "vault_aws_secret_backend.mismatch",
          "provider": {
            "address": "registry.terraform.io/hashicorp/vault",
            "alias": "",
            "alias_availability": "available"
          },
          "population": {
            "status": "observed",
            "instances": 1
          },
          "diagnostics": []
        },
        {
          "id": "declaration:1:vault_generic_endpoint.arbitrary",
          "kind": "resource",
          "type": "vault_generic_endpoint",
          "name": "arbitrary",
          "address": "vault_generic_endpoint.arbitrary",
          "provider": {
            "address": "registry.terraform.io/hashicorp/vault",
            "alias": "",
            "alias_availability": "available"
          },
          "population": {
            "status": "observed",
            "instances": 1
          },
          "diagnostics": []
        },
        {
          "id": "declaration:1:vault_generic_secret.payload",
          "kind": "resource",
          "type": "vault_generic_secret",
          "name": "payload",
          "address": "vault_generic_secret.payload",
          "provider": {
            "address": "registry.terraform.io/hashicorp/vault",
            "alias": "",
            "alias_availability": "available"
          },
          "population": {
            "status": "observed",
            "instances": 1
          },
          "diagnostics": []
        },
        {
          "id": "declaration:1:vault_namespace.literal",
          "kind": "resource",
          "type": "vault_namespace",
          "name": "literal",
          "address": "vault_namespace.literal",
          "provider": {
            "address": "registry.terraform.io/hashicorp/vault",
            "alias": "",
            "alias_availability": "available"
          },
          "population": {
            "status": "observed",
            "instances": 1
          },
          "diagnostics": []
        }
      ],
      "representations": [
        {
          "id": "external:1:vault.concept.namespace:0",
          "kind": "external",
          "index_key": {
            "kind": "none"
          },
          "status": "external",
          "actions": [],
          "concept": "vault.concept.namespace",
          "implementation": {
            "kind": "direct"
          },
          "disclosure": "none",
          "diagnostics": []
        },
        {
          "id": "representation:1:aws_iam_role.first",
          "kind": "managed",
          "declaration": "declaration:1:aws_iam_role.first",
          "address": "aws_iam_role.first",
          "index_key": {
            "kind": "none"
          },
          "status": "planned",
          "actions": [
            "create"
          ],
          "provider": {
            "address": "registry.terraform.io/hashicorp/aws",
            "alias": "",
            "alias_availability": "available"
          },
          "interpretation": {
            "status": "applied",
            "candidates": [
              "aws.rule.iam-role"
            ],
            "diagnostics": []
          },
          "rule": "aws.rule.iam-role",
          "concept": "aws.concept.iam-role",
          "implementation": {
            "kind": "direct"
          },
          "diagnostics": []
        },
        {
          "id": "representation:1:aws_iam_role.second",
          "kind": "managed",
          "declaration": "declaration:1:aws_iam_role.second",
          "address": "aws_iam_role.second",
          "index_key": {
            "kind": "none"
          },
          "status": "planned",
          "actions": [
            "create"
          ],
          "provider": {
            "address": "registry.terraform.io/hashicorp/aws",
            "alias": "",
            "alias_availability": "available"
          },
          "interpretation": {
            "status": "applied",
            "candidates": [
              "aws.rule.iam-role"
            ],
            "diagnostics": []
          },
          "rule": "aws.rule.iam-role",
          "concept": "aws.concept.iam-role",
          "implementation": {
            "kind": "direct"
          },
          "diagnostics": []
        },
        {
          "id": "representation:1:aws_s3_bucket.mismatch",
          "kind": "managed",
          "declaration": "declaration:1:aws_s3_bucket.mismatch",
          "address": "aws_s3_bucket.mismatch",
          "index_key": {
            "kind": "none"
          },
          "status": "planned",
          "actions": [
            "create"
          ],
          "provider": {
            "address": "registry.terraform.io/hashicorp/aws",
            "alias": "",
            "alias_availability": "available"
          },
          "interpretation": {
            "status": "applied",
            "candidates": [
              "aws.rule.s3-bucket"
            ],
            "diagnostics": []
          },
          "rule": "aws.rule.s3-bucket",
          "concept": "rf.concept.object-storage-container",
          "implementation": {
            "kind": "direct"
          },
          "diagnostics": []
        },
        {
          "id": "representation:1:data.vault_generic_secret.payload",
          "kind": "data",
          "declaration": "declaration:1:data.vault_generic_secret.payload",
          "address": "data.vault_generic_secret.payload",
          "index_key": {
            "kind": "none"
          },
          "status": "planned",
          "actions": [
            "read"
          ],
          "action_reason": "read_because_dependency_pending",
          "provider": {
            "address": "registry.terraform.io/hashicorp/vault",
            "alias": "",
            "alias_availability": "available"
          },
          "interpretation": {
            "status": "applied",
            "candidates": [
              "vault.rule.generic-secret-read"
            ],
            "diagnostics": []
          },
          "rule": "vault.rule.generic-secret-read",
          "concept": "vault.concept.secret-read",
          "implementation": {
            "kind": "direct"
          },
          "diagnostics": []
        },
        {
          "id": "representation:1:terraform_data.defer_reads",
          "kind": "managed",
          "declaration": "declaration:1:terraform_data.defer_reads",
          "address": "terraform_data.defer_reads",
          "index_key": {
            "kind": "none"
          },
          "status": "planned",
          "actions": [
            "create"
          ],
          "provider": {
            "address": "terraform.io/builtin/terraform",
            "alias": "",
            "alias_availability": "available"
          },
          "interpretation": {
            "status": "none",
            "candidates": [],
            "diagnostics": []
          },
          "implementation": {
            "kind": "direct"
          },
          "diagnostics": []
        },
        {
          "id": "representation:1:terraform_data.kv_mount",
          "kind": "managed",
          "declaration": "declaration:1:terraform_data.kv_mount",
          "address": "terraform_data.kv_mount",
          "index_key": {
            "kind": "none"
          },
          "status": "planned",
          "actions": [
            "create"
          ],
          "provider": {
            "address": "terraform.io/builtin/terraform",
            "alias": "",
            "alias_availability": "available"
          },
          "interpretation": {
            "status": "none",
            "candidates": [],
            "diagnostics": []
          },
          "implementation": {
            "kind": "direct"
          },
          "diagnostics": []
        },
        {
          "id": "representation:1:vault_aws_secret_backend.ambiguous",
          "kind": "managed",
          "declaration": "declaration:1:vault_aws_secret_backend.ambiguous",
          "address": "vault_aws_secret_backend.ambiguous",
          "index_key": {
            "kind": "none"
          },
          "status": "planned",
          "actions": [
            "create"
          ],
          "provider": {
            "address": "registry.terraform.io/hashicorp/vault",
            "alias": "",
            "alias_availability": "available"
          },
          "interpretation": {
            "status": "applied",
            "candidates": [
              "vault.rule.aws-secret-backend"
            ],
            "diagnostics": []
          },
          "rule": "vault.rule.aws-secret-backend",
          "concept": "vault.concept.secrets-engine",
          "implementation": {
            "kind": "direct"
          },
          "diagnostics": []
        },
        {
          "id": "representation:1:vault_aws_secret_backend.literal",
          "kind": "managed",
          "declaration": "declaration:1:vault_aws_secret_backend.literal",
          "address": "vault_aws_secret_backend.literal",
          "index_key": {
            "kind": "none"
          },
          "status": "planned",
          "actions": [
            "create"
          ],
          "provider": {
            "address": "registry.terraform.io/hashicorp/vault",
            "alias": "",
            "alias_availability": "available"
          },
          "interpretation": {
            "status": "applied",
            "candidates": [
              "vault.rule.aws-secret-backend"
            ],
            "diagnostics": []
          },
          "rule": "vault.rule.aws-secret-backend",
          "concept": "vault.concept.secrets-engine",
          "implementation": {
            "kind": "direct"
          },
          "diagnostics": []
        },
        {
          "id": "representation:1:vault_aws_secret_backend.mismatch",
          "kind": "managed",
          "declaration": "declaration:1:vault_aws_secret_backend.mismatch",
          "address": "vault_aws_secret_backend.mismatch",
          "index_key": {
            "kind": "none"
          },
          "status": "planned",
          "actions": [
            "create"
          ],
          "provider": {
            "address": "registry.terraform.io/hashicorp/vault",
            "alias": "",
            "alias_availability": "available"
          },
          "interpretation": {
            "status": "applied",
            "candidates": [
              "vault.rule.aws-secret-backend"
            ],
            "diagnostics": []
          },
          "rule": "vault.rule.aws-secret-backend",
          "concept": "vault.concept.secrets-engine",
          "implementation": {
            "kind": "direct"
          },
          "diagnostics": []
        },
        {
          "id": "representation:1:vault_generic_endpoint.arbitrary",
          "kind": "managed",
          "declaration": "declaration:1:vault_generic_endpoint.arbitrary",
          "address": "vault_generic_endpoint.arbitrary",
          "index_key": {
            "kind": "none"
          },
          "status": "planned",
          "actions": [
            "create"
          ],
          "provider": {
            "address": "registry.terraform.io/hashicorp/vault",
            "alias": "",
            "alias_availability": "available"
          },
          "interpretation": {
            "status": "none",
            "candidates": [],
            "diagnostics": []
          },
          "implementation": {
            "kind": "direct"
          },
          "diagnostics": []
        },
        {
          "id": "representation:1:vault_generic_secret.payload",
          "kind": "managed",
          "declaration": "declaration:1:vault_generic_secret.payload",
          "address": "vault_generic_secret.payload",
          "index_key": {
            "kind": "none"
          },
          "status": "planned",
          "actions": [
            "create"
          ],
          "provider": {
            "address": "registry.terraform.io/hashicorp/vault",
            "alias": "",
            "alias_availability": "available"
          },
          "interpretation": {
            "status": "applied",
            "candidates": [
              "vault.rule.generic-secret"
            ],
            "diagnostics": []
          },
          "rule": "vault.rule.generic-secret",
          "concept": "vault.concept.secret-definition",
          "implementation": {
            "kind": "direct"
          },
          "diagnostics": []
        },
        {
          "id": "representation:1:vault_namespace.literal",
          "kind": "managed",
          "declaration": "declaration:1:vault_namespace.literal",
          "address": "vault_namespace.literal",
          "index_key": {
            "kind": "none"
          },
          "status": "planned",
          "actions": [
            "create"
          ],
          "provider": {
            "address": "registry.terraform.io/hashicorp/vault",
            "alias": "",
            "alias_availability": "available"
          },
          "interpretation": {
            "status": "applied",
            "candidates": [
              "vault.rule.namespace"
            ],
            "diagnostics": []
          },
          "rule": "vault.rule.namespace",
          "concept": "vault.concept.namespace",
          "implementation": {
            "kind": "direct"
          },
          "diagnostics": []
        }
      ],
      "contexts": [
        {
          "id": "context:vault.context.ownership:representation%3A1%3Avault_namespace.literal:external%3A1%3Avault.concept.namespace%3A0",
          "from": "representation:1:vault_namespace.literal",
          "to": "external:1:vault.concept.namespace:0",
          "dimension": "vault.context.ownership",
          "provenance": [
            {
              "emission": "emission:0c28aac49f09d700b17a597318da44e8d5218b45b48dfc03832c4b5b330f4829",
              "rule": "vault.rule.namespace",
              "closure": "closure:representation%3A1%3Avault_namespace.literal:emission%3A0c28aac49f09d700b17a597318da44e8d5218b45b48dfc03832c4b5b330f4829",
              "evidence": "value"
            }
          ]
        }
      ],
      "contributions": [],
      "relations": [],
      "closures": [
        {
          "id": "closure:representation%3A1%3Avault_aws_secret_backend.ambiguous:emission%3A7a39627c23bfb725d3f54297e7a66e9714038b6af98ca142c395955f94579aaf",
          "representation": "representation:1:vault_aws_secret_backend.ambiguous",
          "emission": "emission:7a39627c23bfb725d3f54297e7a66e9714038b6af98ca142c395955f94579aaf",
          "outcome": "absent",
          "facts": [],
          "candidates": {
            "known_equal": 0,
            "unknown": 0,
            "excluded": 0
          }
        },
        {
          "id": "closure:representation%3A1%3Avault_aws_secret_backend.literal:emission%3A7a39627c23bfb725d3f54297e7a66e9714038b6af98ca142c395955f94579aaf",
          "representation": "representation:1:vault_aws_secret_backend.literal",
          "emission": "emission:7a39627c23bfb725d3f54297e7a66e9714038b6af98ca142c395955f94579aaf",
          "outcome": "absent",
          "facts": [],
          "candidates": {
            "known_equal": 0,
            "unknown": 0,
            "excluded": 0
          }
        },
        {
          "id": "closure:representation%3A1%3Avault_aws_secret_backend.mismatch:emission%3A7a39627c23bfb725d3f54297e7a66e9714038b6af98ca142c395955f94579aaf",
          "representation": "representation:1:vault_aws_secret_backend.mismatch",
          "emission": "emission:7a39627c23bfb725d3f54297e7a66e9714038b6af98ca142c395955f94579aaf",
          "outcome": "absent",
          "facts": [],
          "candidates": {
            "known_equal": 0,
            "unknown": 0,
            "excluded": 0
          }
        },
        {
          "id": "closure:representation%3A1%3Avault_namespace.literal:emission%3A0c28aac49f09d700b17a597318da44e8d5218b45b48dfc03832c4b5b330f4829",
          "representation": "representation:1:vault_namespace.literal",
          "emission": "emission:0c28aac49f09d700b17a597318da44e8d5218b45b48dfc03832c4b5b330f4829",
          "outcome": "resolved",
          "facts": [
            "context:vault.context.ownership:representation%3A1%3Avault_namespace.literal:external%3A1%3Avault.concept.namespace%3A0"
          ],
          "candidates": {
            "known_equal": 0,
            "unknown": 0,
            "excluded": 1
          }
        }
      ],
      "dependencies": [
        {
          "id": "dependency:declaration%3A1%3Adata.vault_generic_secret.payload:declaration%3A1%3Aterraform_data.defer_reads",
          "from": "declaration:1:data.vault_generic_secret.payload",
          "to": "declaration:1:terraform_data.defer_reads",
          "roles": [
            "depends_on"
          ]
        },
        {
          "id": "dependency:declaration%3A1%3Adata.vault_generic_secret.payload:declaration%3A1%3Avault_generic_secret.payload",
          "from": "declaration:1:data.vault_generic_secret.payload",
          "to": "declaration:1:vault_generic_secret.payload",
          "roles": [
            "reference"
          ]
        },
        {
          "id": "dependency:declaration%3A1%3Avault_aws_secret_backend.ambiguous:declaration%3A1%3Aaws_iam_role.first",
          "from": "declaration:1:vault_aws_secret_backend.ambiguous",
          "to": "declaration:1:aws_iam_role.first",
          "roles": [
            "reference"
          ]
        },
        {
          "id": "dependency:declaration%3A1%3Avault_aws_secret_backend.ambiguous:declaration%3A1%3Aaws_iam_role.second",
          "from": "declaration:1:vault_aws_secret_backend.ambiguous",
          "to": "declaration:1:aws_iam_role.second",
          "roles": [
            "reference"
          ]
        },
        {
          "id": "dependency:declaration%3A1%3Avault_aws_secret_backend.literal:declaration%3A1%3Aaws_iam_role.first",
          "from": "declaration:1:vault_aws_secret_backend.literal",
          "to": "declaration:1:aws_iam_role.first",
          "roles": [
            "depends_on"
          ]
        },
        {
          "id": "dependency:declaration%3A1%3Avault_aws_secret_backend.mismatch:declaration%3A1%3Aaws_s3_bucket.mismatch",
          "from": "declaration:1:vault_aws_secret_backend.mismatch",
          "to": "declaration:1:aws_s3_bucket.mismatch",
          "roles": [
            "reference"
          ]
        },
        {
          "id": "dependency:declaration%3A1%3Avault_namespace.literal:declaration%3A1%3Aaws_iam_role.first",
          "from": "declaration:1:vault_namespace.literal",
          "to": "declaration:1:aws_iam_role.first",
          "roles": [
            "depends_on"
          ]
        }
      ],
      "deposed": [],
      "accounting": {
        "declarations": 12,
        "resources": 11,
        "data_sources": 1,
        "instances": 12,
        "managed_instances": 11,
        "data_instances": 1,
        "external_endpoints": 1,
        "carried": 0,
        "deferred": 0,
        "applied_interpretations": 9,
        "indeterminate_interpretations": 0,
        "failed_interpretations": 0,
        "uninterpreted_instances": 3,
        "facts": 1,
        "closures": 4,
        "resolved": 1,
        "absent": 3,
        "indeterminate": 0,
        "dependencies": 7,
        "deposed": 0
      }
    },
    "recorded": {
      "stage": "recorded",
      "label": "Recorded (reconstructed)",
      "reconstruction": {
        "from": "refreshed",
        "reversed_drift_entries": 0
      },
      "declarations": [],
      "representations": [],
      "contexts": [],
      "contributions": [],
      "relations": [],
      "closures": [],
      "dependencies": [],
      "deposed": [],
      "accounting": {
        "declarations": 0,
        "resources": 0,
        "data_sources": 0,
        "instances": 0,
        "managed_instances": 0,
        "data_instances": 0,
        "external_endpoints": 0,
        "carried": 0,
        "deferred": 0,
        "applied_interpretations": 0,
        "indeterminate_interpretations": 0,
        "failed_interpretations": 0,
        "uninterpreted_instances": 0,
        "facts": 0,
        "closures": 0,
        "resolved": 0,
        "absent": 0,
        "indeterminate": 0,
        "dependencies": 0,
        "deposed": 0
      }
    },
    "refreshed": {
      "stage": "refreshed",
      "label": "Refreshed",
      "declarations": [],
      "representations": [],
      "contexts": [],
      "contributions": [],
      "relations": [],
      "closures": [],
      "dependencies": [],
      "deposed": [],
      "accounting": {
        "declarations": 0,
        "resources": 0,
        "data_sources": 0,
        "instances": 0,
        "managed_instances": 0,
        "data_instances": 0,
        "external_endpoints": 0,
        "carried": 0,
        "deferred": 0,
        "applied_interpretations": 0,
        "indeterminate_interpretations": 0,
        "failed_interpretations": 0,
        "uninterpreted_instances": 0,
        "facts": 0,
        "closures": 0,
        "resolved": 0,
        "absent": 0,
        "indeterminate": 0,
        "dependencies": 0,
        "deposed": 0
      }
    }
  },
  "default_stage": "planned",
  "comparisons": {
    "drift": {
      "name": "drift",
      "before": "recorded",
      "after": "refreshed",
      "comparable": true,
      "problems": [],
      "representations": [],
      "facts": [],
      "indeterminate": [],
      "cancelled": [],
      "counts": {
        "representations_added": 0,
        "representations_removed": 0,
        "representations_changed": 0,
        "moved": 0,
        "replaced": 0,
        "recreated": 0,
        "facts_added": 0,
        "facts_removed": 0,
        "indeterminate": 0,
        "cancelled": 0
      }
    },
    "changes": {
      "name": "changes",
      "before": "refreshed",
      "after": "planned",
      "comparable": true,
      "problems": [],
      "representations": [
        {
          "id": "change:changes:added:external%3A1%3Avault.concept.namespace%3A0",
          "change": "added",
          "representation": "external:1:vault.concept.namespace:0"
        },
        {
          "id": "change:changes:added:representation%3A1%3Aaws_iam_role.first",
          "change": "added",
          "representation": "representation:1:aws_iam_role.first"
        },
        {
          "id": "change:changes:added:representation%3A1%3Aaws_iam_role.second",
          "change": "added",
          "representation": "representation:1:aws_iam_role.second"
        },
        {
          "id": "change:changes:added:representation%3A1%3Aaws_s3_bucket.mismatch",
          "change": "added",
          "representation": "representation:1:aws_s3_bucket.mismatch"
        },
        {
          "id": "change:changes:added:representation%3A1%3Adata.vault_generic_secret.payload",
          "change": "added",
          "representation": "representation:1:data.vault_generic_secret.payload"
        },
        {
          "id": "change:changes:added:representation%3A1%3Aterraform_data.defer_reads",
          "change": "added",
          "representation": "representation:1:terraform_data.defer_reads"
        },
        {
          "id": "change:changes:added:representation%3A1%3Aterraform_data.kv_mount",
          "change": "added",
          "representation": "representation:1:terraform_data.kv_mount"
        },
        {
          "id": "change:changes:added:representation%3A1%3Avault_aws_secret_backend.ambiguous",
          "change": "added",
          "representation": "representation:1:vault_aws_secret_backend.ambiguous"
        },
        {
          "id": "change:changes:added:representation%3A1%3Avault_aws_secret_backend.literal",
          "change": "added",
          "representation": "representation:1:vault_aws_secret_backend.literal"
        },
        {
          "id": "change:changes:added:representation%3A1%3Avault_aws_secret_backend.mismatch",
          "change": "added",
          "representation": "representation:1:vault_aws_secret_backend.mismatch"
        },
        {
          "id": "change:changes:added:representation%3A1%3Avault_generic_endpoint.arbitrary",
          "change": "added",
          "representation": "representation:1:vault_generic_endpoint.arbitrary"
        },
        {
          "id": "change:changes:added:representation%3A1%3Avault_generic_secret.payload",
          "change": "added",
          "representation": "representation:1:vault_generic_secret.payload"
        },
        {
          "id": "change:changes:added:representation%3A1%3Avault_namespace.literal",
          "change": "added",
          "representation": "representation:1:vault_namespace.literal"
        }
      ],
      "facts": [
        {
          "id": "change:changes:added:context%3Avault.context.ownership%3Arepresentation%253A1%253Avault_namespace.literal%3Aexternal%253A1%253Avault.concept.namespace%253A0",
          "change": "added",
          "kind": "context",
          "fact": "context:vault.context.ownership:representation%3A1%3Avault_namespace.literal:external%3A1%3Avault.concept.namespace%3A0",
          "from": "representation:1:vault_namespace.literal",
          "to": "external:1:vault.concept.namespace:0",
          "emission": "emission:0c28aac49f09d700b17a597318da44e8d5218b45b48dfc03832c4b5b330f4829"
        }
      ],
      "indeterminate": [],
      "cancelled": [],
      "counts": {
        "representations_added": 13,
        "representations_removed": 0,
        "representations_changed": 0,
        "moved": 0,
        "replaced": 0,
        "recreated": 0,
        "facts_added": 1,
        "facts_removed": 0,
        "indeterminate": 0,
        "cancelled": 0
      }
    },
    "net": {
      "name": "net",
      "before": "recorded",
      "after": "planned",
      "comparable": true,
      "problems": [],
      "representations": [
        {
          "id": "change:net:added:external%3A1%3Avault.concept.namespace%3A0",
          "change": "added",
          "representation": "external:1:vault.concept.namespace:0"
        },
        {
          "id": "change:net:added:representation%3A1%3Aaws_iam_role.first",
          "change": "added",
          "representation": "representation:1:aws_iam_role.first"
        },
        {
          "id": "change:net:added:representation%3A1%3Aaws_iam_role.second",
          "change": "added",
          "representation": "representation:1:aws_iam_role.second"
        },
        {
          "id": "change:net:added:representation%3A1%3Aaws_s3_bucket.mismatch",
          "change": "added",
          "representation": "representation:1:aws_s3_bucket.mismatch"
        },
        {
          "id": "change:net:added:representation%3A1%3Adata.vault_generic_secret.payload",
          "change": "added",
          "representation": "representation:1:data.vault_generic_secret.payload"
        },
        {
          "id": "change:net:added:representation%3A1%3Aterraform_data.defer_reads",
          "change": "added",
          "representation": "representation:1:terraform_data.defer_reads"
        },
        {
          "id": "change:net:added:representation%3A1%3Aterraform_data.kv_mount",
          "change": "added",
          "representation": "representation:1:terraform_data.kv_mount"
        },
        {
          "id": "change:net:added:representation%3A1%3Avault_aws_secret_backend.ambiguous",
          "change": "added",
          "representation": "representation:1:vault_aws_secret_backend.ambiguous"
        },
        {
          "id": "change:net:added:representation%3A1%3Avault_aws_secret_backend.literal",
          "change": "added",
          "representation": "representation:1:vault_aws_secret_backend.literal"
        },
        {
          "id": "change:net:added:representation%3A1%3Avault_aws_secret_backend.mismatch",
          "change": "added",
          "representation": "representation:1:vault_aws_secret_backend.mismatch"
        },
        {
          "id": "change:net:added:representation%3A1%3Avault_generic_endpoint.arbitrary",
          "change": "added",
          "representation": "representation:1:vault_generic_endpoint.arbitrary"
        },
        {
          "id": "change:net:added:representation%3A1%3Avault_generic_secret.payload",
          "change": "added",
          "representation": "representation:1:vault_generic_secret.payload"
        },
        {
          "id": "change:net:added:representation%3A1%3Avault_namespace.literal",
          "change": "added",
          "representation": "representation:1:vault_namespace.literal"
        }
      ],
      "facts": [
        {
          "id": "change:net:added:context%3Avault.context.ownership%3Arepresentation%253A1%253Avault_namespace.literal%3Aexternal%253A1%253Avault.concept.namespace%253A0",
          "change": "added",
          "kind": "context",
          "fact": "context:vault.context.ownership:representation%3A1%3Avault_namespace.literal:external%3A1%3Avault.concept.namespace%3A0",
          "from": "representation:1:vault_namespace.literal",
          "to": "external:1:vault.concept.namespace:0",
          "emission": "emission:0c28aac49f09d700b17a597318da44e8d5218b45b48dfc03832c4b5b330f4829"
        }
      ],
      "indeterminate": [],
      "cancelled": [],
      "counts": {
        "representations_added": 13,
        "representations_removed": 0,
        "representations_changed": 0,
        "moved": 0,
        "replaced": 0,
        "recreated": 0,
        "facts_added": 1,
        "facts_removed": 0,
        "indeterminate": 0,
        "cancelled": 0
      }
    }
  },
  "drift_report": {
    "entries": [],
    "summary": "No drift reported in this plan"
  },
  "diagnostics": []
}
